******************************************************************************
             TMS320C2000 Linker PC v18.1.3                     
******************************************************************************
>> Linked Thu Mar  7 17:04:02 2019

OUTPUT FILE NAME:   <pwm_for_PCB_2.out>
ENTRY POINT SYMBOL: "code_start"  address: 00000000


MEMORY CONFIGURATION

         name            origin    length      used     unused   attr    fill
----------------------  --------  ---------  --------  --------  ----  --------
PAGE 0:
  BEGIN                 00000000   00000002  00000002  00000000  RWIX
  RAMM0                 000000f5   0000030b  0000030b  00000000  RWIX
  RAMLS0                00008000   00000800  000007ff  00000001  RWIX
  RAMLS1                00008800   00000800  000003bc  00000444  RWIX
  RAMLS2                00009000   00000800  00000000  00000800  RWIX
  RAMLS3                00009800   00000800  00000000  00000800  RWIX
  RAMLS4                0000a000   00000800  00000000  00000800  RWIX
  RESET                 003fffc0   00000002  00000000  00000002  RWIX

PAGE 1:
  BOOT_RSVD             00000002   000000f3  00000000  000000f3  RWIX
  RAMM1                 00000400   00000400  00000100  00000300  RWIX
  RAMLS5                0000a800   00000800  000002e5  0000051b  RWIX
  RAMLS6                0000b000   00000800  00000000  00000800  RWIX
  RAMLS7                0000b800   00000800  00000000  00000800  RWIX
  RAMGS0                0000c000   00002000  00000000  00002000  RWIX
  RAMGS1                0000e000   00002000  00000000  00002000  RWIX
  RAMGS2                00010000   00002000  00000000  00002000  RWIX
  RAMGS3                00012000   00002000  00000000  00002000  RWIX


SECTION ALLOCATION MAP

 output                                  attributes/
section   page    origin      length       input sections
--------  ----  ----------  ----------   ----------------
codestart 
*          0    00000000    00000002     
                  00000000    00000002     f28004x_codestartbranch.obj (codestart)

.TI.ramfunc 
*          0    000000f5    00000136     
                  000000f5    00000044     driverlib.lib : flash.obj (.TI.ramfunc:_Flash_initModule)
                  00000139    00000032                   : flash.obj (.TI.ramfunc:_Flash_setBankPowerMode)
                  0000016b    00000026                   : flash.obj (.TI.ramfunc:_Flash_setWaitstates)
                  00000191    0000001f                   : flash.obj (.TI.ramfunc:_Flash_setPumpPowerMode)
                  000001b0    00000018                   : flash.obj (.TI.ramfunc:_Flash_disableCache)
                  000001c8    00000018                   : flash.obj (.TI.ramfunc:_Flash_disablePrefetch)
                  000001e0    00000018                   : flash.obj (.TI.ramfunc:_Flash_enableCache)
                  000001f8    00000018                   : flash.obj (.TI.ramfunc:_Flash_enablePrefetch)
                  00000210    00000017                   : flash.obj (.TI.ramfunc:_Flash_enableECC)
                  00000227    00000004                   : sysctl.obj (.TI.ramfunc)

.cinit     0    0000022b    0000001a     
                  0000022b    0000000e     rts2800_fpu32.lib : exit.c.obj (.cinit)
                  00000239    00000005                       : _lock.c.obj (.cinit:__lock)
                  0000023e    00000005                       : _lock.c.obj (.cinit:__unlock)
                  00000243    00000002     --HOLE-- [fill = 0]

.pinit     0    000000f5    00000000     UNINITIALIZED

.reset     0    003fffc0    00000002     DSECT
                  003fffc0    00000002     rts2800_fpu32.lib : boot28.asm.obj (.reset)

.stack     1    00000400    00000100     UNINITIALIZED
                  00000400    00000100     --HOLE--

.econst    1    0000a800    000002bd     
                  0000a800    000000af     driverlib.lib : flash.obj (.econst:.string)
                  0000a8af    00000001     --HOLE-- [fill = 0]
                  0000a8b0    000000ae                   : sysctl.obj (.econst:.string)
                  0000a95e    000000ac                   : gpio.obj (.econst:.string)
                  0000aa0a    0000005b                   : interrupt.obj (.econst:.string)
                  0000aa65    00000001     --HOLE-- [fill = 0]
                  0000aa66    00000044     pwm_for_PCB_2.obj (.econst:.string)
                  0000aaaa    00000013     device.obj (.econst:.string)

.ebss      1    0000aabe    00000028     UNINITIALIZED
                  0000aabe    00000002     rts2800_fpu32.lib : _lock.c.obj (.ebss:__lock)
                  0000aac0    0000001e     pwm_for_PCB_2.obj (.ebss)
                  0000aade    00000006     rts2800_fpu32.lib : exit.c.obj (.ebss)
                  0000aae4    00000002                       : _lock.c.obj (.ebss:__unlock)

.text.1    0    00000245    000001bb     
                  00000245    00000164     device.obj (.text)
                  000003a9    00000056     driverlib.lib : sysctl.obj (.text:_SysCtl_selectOscSource)
                  000003ff    00000001     rts2800_fpu32.lib : startup.c.obj (.text)

.text.2    0    00008000    000007ff     
                  00008000    000004f7     pwm_for_PCB_2.obj (.text)
                  000084f7    000000b3     driverlib.lib : sysctl.obj (.text:_SysCtl_setClock)
                  000085aa    000000a7                   : sysctl.obj (.text:_SysCtl_isPLLValid)
                  00008651    000000a5     pwm_for_PCB_2.obj (.text:retain)
                  000086f6    0000006e     driverlib.lib : sysctl.obj (.text:_SysCtl_getClock)
                  00008764    0000005e                   : sysctl.obj (.text:_DCC_setCounterSeeds)
                  000087c2    0000003d                   : gpio.obj (.text:_GPIO_setPinConfig)

.text.3    0    00008800    000003bc     
                  00008800    00000056     rts2800_fpu32.lib : boot28.asm.obj (.text)
                  00008856    00000054     driverlib.lib : interrupt.obj (.text:_Interrupt_initModule)
                  000088aa    00000052                   : gpio.obj (.text:_GPIO_setPadConfig)
                  000088fc    00000033                   : interrupt.obj (.text:_Interrupt_enable)
                  0000892f    00000029     rts2800_fpu32.lib : exit.c.obj (.text)
                  00008958    00000025     driverlib.lib : sysctl.obj (.text:_DCC_enableSingleShotMode)
                  0000897d    00000024                   : sysctl.obj (.text:_SysCtl_selectXTAL)
                  000089a1    00000024     rts2800_fpu32.lib : cpy_tbl.c.obj (.text)
                  000089c5    00000022     driverlib.lib : sysctl.obj (.text:_SysCtl_pollX1Counter)
                  000089e7    00000020                   : interrupt.obj (.text:_Interrupt_initVectorTable)
                  00008a07    0000001f                   : sysctl.obj (.text:_DCC_setCounter1ClkSource)
                  00008a26    0000001d                   : sysctl.obj (.text:_DCC_setCounter0ClkSource)
                  00008a43    0000001d     rts2800_fpu32.lib : memcpy.c.obj (.text)
                  00008a60    0000001a     driverlib.lib : sysctl.obj (.text:_SysCtl_getLowSpeedClock)
                  00008a7a    0000001a                   : sysctl.obj (.text:_SysCtl_selectXTALSingleEnded)
                  00008a94    00000019     rts2800_fpu32.lib : args_main.c.obj (.text)
                  00008aad    00000017     driverlib.lib : sysctl.obj (.text:_DCC_enableDoneSignal)
                  00008ac4    00000017                   : sysctl.obj (.text:_SysCtl_enablePeripheral)
                  00008adb    00000016                   : sysctl.obj (.text:_DCC_disableErrorSignal)
                  00008af1    00000016                   : sysctl.obj (.text:_DCC_enableErrorSignal)
                  00008b07    00000014                   : sysctl.obj (.text:_DCC_disableModule)
                  00008b1b    00000014                   : sysctl.obj (.text:_DCC_enableModule)
                  00008b2f    00000014                   : gpio.obj (.text:_GPIO_isPinValid)
                  00008b43    00000010                   : sysctl.obj (.text:_DCC_isBaseValid)
                  00008b53    00000010                   : flash.obj (.text:_Flash_isCtrlBaseValid)
                  00008b63    00000010                   : flash.obj (.text:_Flash_isECCBaseValid)
                  00008b73    0000000e                   : interrupt.obj (.text:_Interrupt_defaultHandler)
                  00008b81    0000000d                   : interrupt.obj (.text:_Interrupt_disableMaster)
                  00008b8e    0000000d                   : interrupt.obj (.text:_Interrupt_enableMaster)
                  00008b9b    0000000b                   : sysctl.obj (.text:_SysCtl_isMCDClockFailureDetected)
                  00008ba6    00000009     rts2800_fpu32.lib : _lock.c.obj (.text)
                  00008baf    00000007     driverlib.lib : sysctl.obj (.text:_SysCtl_resetMCD)
                  00008bb6    00000002                   : interrupt.obj (.text:_Interrupt_illegalOperationHandler)
                  00008bb8    00000002                   : interrupt.obj (.text:_Interrupt_nmiHandler)
                  00008bba    00000002     rts2800_fpu32.lib : pre_init.c.obj (.text)

MODULE SUMMARY

       Module                        code   initialized data   uninitialized data
       ------                        ----   ----------------   ------------------
    .\
       pwm_for_PCB_2.obj             1436   68                 30                
    +--+-----------------------------+------+------------------+--------------------+
       Total:                        1436   68                 30                
                                                                                 
    .\device\
       device.obj                    356    19                 0                 
       f28004x_codestartbranch.obj   2      0                  0                 
    +--+-----------------------------+------+------------------+--------------------+
       Total:                        358    19                 0                 
                                                                                 
    ../driverlib.lib
       sysctl.obj                    1023   174                0                 
       flash.obj                     338    175                0                 
       gpio.obj                      163    172                0                 
       interrupt.obj                 211    91                 0                 
    +--+-----------------------------+------+------------------+--------------------+
       Total:                        1735   612                0                 
                                                                                 
    C:\ti\ccsv8\tools\compiler\ti-cgt-c2000_18.1.3.LTS\lib\rts2800_fpu32.lib
       boot28.asm.obj                86     0                  0                 
       exit.c.obj                    41     14                 6                 
       cpy_tbl.c.obj                 36     0                  0                 
       memcpy.c.obj                  29     0                  0                 
       args_main.c.obj               25     0                  0                 
       _lock.c.obj                   9      10                 4                 
       pre_init.c.obj                2      0                  0                 
       startup.c.obj                 1      0                  0                 
    +--+-----------------------------+------+------------------+--------------------+
       Total:                        229    24                 10                
                                                                                 
       Stack:                        0      0                  256               
    +--+-----------------------------+------+------------------+--------------------+
       Grand Total:                  3758   723                296               


GLOBAL DATA SYMBOLS: SORTED BY DATA PAGE

address     data page           name
--------    ----------------    ----
00000400      10 (00000400)     __stack

0000aabe     2aa (0000aa80)     __lock

0000aac0     2ab (0000aac0)     _epwm2Info
0000aaca     2ab (0000aac0)     _epwm3Info
0000aad4     2ab (0000aac0)     _epwm1Info
0000aade     2ab (0000aac0)     ___TI_enable_exit_profile_output
0000aae0     2ab (0000aac0)     ___TI_cleanup_ptr
0000aae2     2ab (0000aac0)     ___TI_dtors_ptr
0000aae4     2ab (0000aac0)     __unlock


GLOBAL SYMBOLS: SORTED ALPHABETICALLY BY Name 

page  address   name                            
----  -------   ----                            
abs   ffffffff  .text                           
0     0000892f  C$$EXIT                         
0     000002c4  _Device_enableAllPeripherals    
0     00000287  _Device_init                    
0     00000392  _Device_initGPIO                
0     000000f5  _Flash_initModule               
0     000088aa  _GPIO_setPadConfig              
0     000087c2  _GPIO_setPinConfig              
0     000088fc  _Interrupt_enable               
0     00008856  _Interrupt_initModule           
0     000089e7  _Interrupt_initVectorTable      
0     00000227  _SysCtl_delay                   
0     000086f6  _SysCtl_getClock                
0     00008a60  _SysCtl_getLowSpeedClock        
0     000085aa  _SysCtl_isPLLValid              
0     000003a9  _SysCtl_selectOscSource         
0     0000897d  _SysCtl_selectXTAL              
0     00008a7a  _SysCtl_selectXTALSingleEnded   
0     000084f7  _SysCtl_setClock                
1     00000500  __STACK_END                     
abs   00000100  __STACK_SIZE                    
1     0000aae0  ___TI_cleanup_ptr               
1     0000aae2  ___TI_dtors_ptr                 
1     0000aade  ___TI_enable_exit_profile_output
abs   ffffffff  ___TI_pprof_out_hndl            
abs   ffffffff  ___TI_prof_data_size            
abs   ffffffff  ___TI_prof_data_start           
abs   ffffffff  ___binit__                      
abs   ffffffff  ___c_args__                     
0     0000022b  ___cinit__                      
0     000003a2  ___error__                      
abs   ffffffff  ___etext__                      
abs   ffffffff  ___pinit__                      
abs   ffffffff  ___text__                       
0     00008a94  __args_main                     
1     0000aabe  __lock                          
0     00008bae  __nop                           
0     00008baa  __register_lock                 
0     00008ba6  __register_unlock               
1     00000400  __stack                         
0     000003ff  __system_post_cinit             
0     00008bba  __system_pre_init               
1     0000aae4  __unlock                        
0     0000892f  _abort                          
0     00008800  _c_int00                        
0     000089a1  _copy_in                        
0     00008651  _epwm1ISR                       
1     0000aad4  _epwm1Info                      
0     00008688  _epwm2ISR                       
1     0000aac0  _epwm2Info                      
0     000086bf  _epwm3ISR                       
1     0000aaca  _epwm3Info                      
0     00008931  _exit                           
0     000082e6  _initEPWM1                      
0     00008371  _initEPWM2                      
0     000083fb  _initEPWM3                      
0     0000826b  _main                           
0     00008a43  _memcpy                         
0     00008486  _updateCompare                  
abs   ffffffff  binit                           
0     0000022b  cinit                           
0     00000000  code_start                      
abs   ffffffff  etext                           
abs   ffffffff  pinit                           


GLOBAL SYMBOLS: SORTED BY Symbol Address 

page  address   name                            
----  -------   ----                            
0     00000000  code_start                      
0     000000f5  _Flash_initModule               
0     00000227  _SysCtl_delay                   
0     0000022b  ___cinit__                      
0     0000022b  cinit                           
0     00000287  _Device_init                    
0     000002c4  _Device_enableAllPeripherals    
0     00000392  _Device_initGPIO                
0     000003a2  ___error__                      
0     000003a9  _SysCtl_selectOscSource         
0     000003ff  __system_post_cinit             
0     0000826b  _main                           
0     000082e6  _initEPWM1                      
0     00008371  _initEPWM2                      
0     000083fb  _initEPWM3                      
0     00008486  _updateCompare                  
0     000084f7  _SysCtl_setClock                
0     000085aa  _SysCtl_isPLLValid              
0     00008651  _epwm1ISR                       
0     00008688  _epwm2ISR                       
0     000086bf  _epwm3ISR                       
0     000086f6  _SysCtl_getClock                
0     000087c2  _GPIO_setPinConfig              
0     00008800  _c_int00                        
0     00008856  _Interrupt_initModule           
0     000088aa  _GPIO_setPadConfig              
0     000088fc  _Interrupt_enable               
0     0000892f  C$$EXIT                         
0     0000892f  _abort                          
0     00008931  _exit                           
0     0000897d  _SysCtl_selectXTAL              
0     000089a1  _copy_in                        
0     000089e7  _Interrupt_initVectorTable      
0     00008a43  _memcpy                         
0     00008a60  _SysCtl_getLowSpeedClock        
0     00008a7a  _SysCtl_selectXTALSingleEnded   
0     00008a94  __args_main                     
0     00008ba6  __register_unlock               
0     00008baa  __register_lock                 
0     00008bae  __nop                           
0     00008bba  __system_pre_init               
1     00000400  __stack                         
1     00000500  __STACK_END                     
1     0000aabe  __lock                          
1     0000aac0  _epwm2Info                      
1     0000aaca  _epwm3Info                      
1     0000aad4  _epwm1Info                      
1     0000aade  ___TI_enable_exit_profile_output
1     0000aae0  ___TI_cleanup_ptr               
1     0000aae2  ___TI_dtors_ptr                 
1     0000aae4  __unlock                        
abs   00000100  __STACK_SIZE                    
abs   ffffffff  .text                           
abs   ffffffff  ___TI_pprof_out_hndl            
abs   ffffffff  ___TI_prof_data_size            
abs   ffffffff  ___TI_prof_data_start           
abs   ffffffff  ___binit__                      
abs   ffffffff  ___c_args__                     
abs   ffffffff  ___etext__                      
abs   ffffffff  ___pinit__                      
abs   ffffffff  ___text__                       
abs   ffffffff  binit                           
abs   ffffffff  etext                           
abs   ffffffff  pinit                           

[64 symbols]
