******************************************************************************
             TMS320C2000 Linker PC v18.1.3                     
******************************************************************************
>> Linked Thu Mar  7 12:13:53 2019

OUTPUT FILE NAME:   <simple_adding_for_PCB_test.out>
ENTRY POINT SYMBOL: "code_start"  address: 00000000


MEMORY CONFIGURATION

         name            origin    length      used     unused   attr    fill
----------------------  --------  ---------  --------  --------  ----  --------
PAGE 0:
  BEGIN                 00000000   00000002  00000002  00000000  RWIX
  RAMM0                 000000f5   0000030b  0000030b  00000000  RWIX
  RAMLS0                00008000   00000800  0000054e  000002b2  RWIX
  RAMLS1                00008800   00000800  00000000  00000800  RWIX
  RAMLS2                00009000   00000800  00000000  00000800  RWIX
  RAMLS3                00009800   00000800  00000000  00000800  RWIX
  RAMLS4                0000a000   00000800  00000000  00000800  RWIX
  RESET                 003fffc0   00000002  00000000  00000002  RWIX

PAGE 1:
  BOOT_RSVD             00000002   000000f3  00000000  000000f3  RWIX
  RAMM1                 00000400   00000400  00000100  00000300  RWIX
  RAMLS5                0000a800   00000800  000001d7  00000629  RWIX
  RAMLS6                0000b000   00000800  00000000  00000800  RWIX
  RAMLS7                0000b800   00000800  00000000  00000800  RWIX
  RAMGS0                0000c000   00002000  00000000  00002000  RWIX
  RAMGS1                0000e000   00002000  00000000  00002000  RWIX
  RAMGS2                00010000   00002000  00000000  00002000  RWIX
  RAMGS3                00012000   00002000  00000000  00002000  RWIX


SECTION ALLOCATION MAP

 output                                  attributes/
section   page    origin      length       input sections
--------  ----  ----------  ----------   ----------------
codestart 
*          0    00000000    00000002     
                  00000000    00000002     f28004x_codestartbranch.obj (codestart)

.TI.ramfunc 
*          0    000000f5    00000136     
                  000000f5    00000044     driverlib.lib : flash.obj (.TI.ramfunc:_Flash_initModule)
                  00000139    00000032                   : flash.obj (.TI.ramfunc:_Flash_setBankPowerMode)
                  0000016b    00000026                   : flash.obj (.TI.ramfunc:_Flash_setWaitstates)
                  00000191    0000001f                   : flash.obj (.TI.ramfunc:_Flash_setPumpPowerMode)
                  000001b0    00000018                   : flash.obj (.TI.ramfunc:_Flash_disableCache)
                  000001c8    00000018                   : flash.obj (.TI.ramfunc:_Flash_disablePrefetch)
                  000001e0    00000018                   : flash.obj (.TI.ramfunc:_Flash_enableCache)
                  000001f8    00000018                   : flash.obj (.TI.ramfunc:_Flash_enablePrefetch)
                  00000210    00000017                   : flash.obj (.TI.ramfunc:_Flash_enableECC)
                  00000227    00000004                   : sysctl.obj (.TI.ramfunc)

.cinit     0    0000022b    0000001a     
                  0000022b    0000000e     rts2800_fpu32.lib : exit.c.obj (.cinit)
                  00000239    00000005                       : _lock.c.obj (.cinit:__lock)
                  0000023e    00000005                       : _lock.c.obj (.cinit:__unlock)
                  00000243    00000002     --HOLE-- [fill = 0]

.pinit     0    000000f5    00000000     UNINITIALIZED

.reset     0    003fffc0    00000002     DSECT
                  003fffc0    00000002     rts2800_fpu32.lib : boot28.asm.obj (.reset)

.stack     1    00000400    00000100     UNINITIALIZED
                  00000400    00000100     --HOLE--

.econst    1    0000a800    000001cd     
                  0000a800    000000af     driverlib.lib : flash.obj (.econst:.string)
                  0000a8af    00000001     --HOLE-- [fill = 0]
                  0000a8b0    000000ae                   : sysctl.obj (.econst:.string)
                  0000a95e    0000005b                   : interrupt.obj (.econst:.string)
                  0000a9b9    00000001     --HOLE-- [fill = 0]
                  0000a9ba    00000013     device.obj (.econst:.string)

.ebss      1    0000a9ce    0000000a     UNINITIALIZED
                  0000a9ce    00000006     rts2800_fpu32.lib : exit.c.obj (.ebss)
                  0000a9d4    00000002                       : _lock.c.obj (.ebss:__lock)
                  0000a9d6    00000002                       : _lock.c.obj (.ebss:__unlock)

.text.1    0    00000245    000001bb     
                  00000245    00000164     device.obj (.text)
                  000003a9    00000056     driverlib.lib : sysctl.obj (.text:_SysCtl_selectOscSource)
                  000003ff    00000001     rts2800_fpu32.lib : startup.c.obj (.text)

.text.2    0    00008000    0000054e     
                  00008000    000000b3     driverlib.lib : sysctl.obj (.text:_SysCtl_setClock)
                  000080b3    000000a7                   : sysctl.obj (.text:_SysCtl_isPLLValid)
                  0000815a    0000006e                   : sysctl.obj (.text:_SysCtl_getClock)
                  000081c8    0000005e                   : sysctl.obj (.text:_DCC_setCounterSeeds)
                  00008226    00000056     rts2800_fpu32.lib : boot28.asm.obj (.text)
                  0000827c    00000054     driverlib.lib : interrupt.obj (.text:_Interrupt_initModule)
                  000082d0    00000029     rts2800_fpu32.lib : exit.c.obj (.text)
                  000082f9    00000025     driverlib.lib : sysctl.obj (.text:_DCC_enableSingleShotMode)
                  0000831e    00000024                   : sysctl.obj (.text:_SysCtl_selectXTAL)
                  00008342    00000024     rts2800_fpu32.lib : cpy_tbl.c.obj (.text)
                  00008366    00000022     driverlib.lib : sysctl.obj (.text:_SysCtl_pollX1Counter)
                  00008388    00000020                   : interrupt.obj (.text:_Interrupt_initVectorTable)
                  000083a8    0000001f                   : sysctl.obj (.text:_DCC_setCounter1ClkSource)
                  000083c7    0000001d                   : sysctl.obj (.text:_DCC_setCounter0ClkSource)
                  000083e4    0000001d     rts2800_fpu32.lib : memcpy.c.obj (.text)
                  00008401    0000001a     driverlib.lib : sysctl.obj (.text:_SysCtl_getLowSpeedClock)
                  0000841b    0000001a                   : sysctl.obj (.text:_SysCtl_selectXTALSingleEnded)
                  00008435    00000019     rts2800_fpu32.lib : args_main.c.obj (.text)
                  0000844e    00000017     driverlib.lib : sysctl.obj (.text:_DCC_enableDoneSignal)
                  00008465    00000017                   : sysctl.obj (.text:_SysCtl_enablePeripheral)
                  0000847c    00000016                   : sysctl.obj (.text:_DCC_disableErrorSignal)
                  00008492    00000016                   : sysctl.obj (.text:_DCC_enableErrorSignal)
                  000084a8    00000014                   : sysctl.obj (.text:_DCC_disableModule)
                  000084bc    00000014                   : sysctl.obj (.text:_DCC_enableModule)
                  000084d0    00000012     simple_adding_for_PCB_test.obj (.text)
                  000084e2    00000010     driverlib.lib : sysctl.obj (.text:_DCC_isBaseValid)
                  000084f2    00000010                   : flash.obj (.text:_Flash_isCtrlBaseValid)
                  00008502    00000010                   : flash.obj (.text:_Flash_isECCBaseValid)
                  00008512    0000000e                   : interrupt.obj (.text:_Interrupt_defaultHandler)
                  00008520    0000000d                   : interrupt.obj (.text:_Interrupt_disableMaster)
                  0000852d    0000000b                   : sysctl.obj (.text:_SysCtl_isMCDClockFailureDetected)
                  00008538    00000009     rts2800_fpu32.lib : _lock.c.obj (.text)
                  00008541    00000007     driverlib.lib : sysctl.obj (.text:_SysCtl_resetMCD)
                  00008548    00000002                   : interrupt.obj (.text:_Interrupt_illegalOperationHandler)
                  0000854a    00000002                   : interrupt.obj (.text:_Interrupt_nmiHandler)
                  0000854c    00000002     rts2800_fpu32.lib : pre_init.c.obj (.text)

MODULE SUMMARY

       Module                           code   initialized data   uninitialized data
       ------                           ----   ----------------   ------------------
    .\
       simple_adding_for_PCB_test.obj   18     0                  0                 
    +--+--------------------------------+------+------------------+--------------------+
       Total:                           18     0                  0                 
                                                                                    
    .\device\
       device.obj                       356    19                 0                 
       f28004x_codestartbranch.obj      2      0                  0                 
    +--+--------------------------------+------+------------------+--------------------+
       Total:                           358    19                 0                 
                                                                                    
    ../driverlib.lib
       sysctl.obj                       1023   174                0                 
       flash.obj                        338    175                0                 
       interrupt.obj                    147    91                 0                 
    +--+--------------------------------+------+------------------+--------------------+
       Total:                           1508   440                0                 
                                                                                    
    C:\ti\ccsv8\tools\compiler\ti-cgt-c2000_18.1.3.LTS\lib\rts2800_fpu32.lib
       boot28.asm.obj                   86     0                  0                 
       exit.c.obj                       41     14                 6                 
       cpy_tbl.c.obj                    36     0                  0                 
       memcpy.c.obj                     29     0                  0                 
       args_main.c.obj                  25     0                  0                 
       _lock.c.obj                      9      10                 4                 
       pre_init.c.obj                   2      0                  0                 
       startup.c.obj                    1      0                  0                 
    +--+--------------------------------+------+------------------+--------------------+
       Total:                           229    24                 10                
                                                                                    
       Stack:                           0      0                  256               
    +--+--------------------------------+------+------------------+--------------------+
       Grand Total:                     2113   483                266               


GLOBAL DATA SYMBOLS: SORTED BY DATA PAGE

address     data page           name
--------    ----------------    ----
00000400      10 (00000400)     __stack

0000a9ce     2a7 (0000a9c0)     ___TI_enable_exit_profile_output
0000a9d0     2a7 (0000a9c0)     ___TI_cleanup_ptr
0000a9d2     2a7 (0000a9c0)     ___TI_dtors_ptr
0000a9d4     2a7 (0000a9c0)     __lock
0000a9d6     2a7 (0000a9c0)     __unlock


GLOBAL SYMBOLS: SORTED ALPHABETICALLY BY Name 

page  address   name                            
----  -------   ----                            
abs   ffffffff  .text                           
0     000082d0  C$$EXIT                         
0     000002c4  _Device_enableAllPeripherals    
0     00000287  _Device_init                    
0     00000392  _Device_initGPIO                
0     000000f5  _Flash_initModule               
0     0000827c  _Interrupt_initModule           
0     00008388  _Interrupt_initVectorTable      
0     00000227  _SysCtl_delay                   
0     0000815a  _SysCtl_getClock                
0     00008401  _SysCtl_getLowSpeedClock        
0     000080b3  _SysCtl_isPLLValid              
0     000003a9  _SysCtl_selectOscSource         
0     0000831e  _SysCtl_selectXTAL              
0     0000841b  _SysCtl_selectXTALSingleEnded   
0     00008000  _SysCtl_setClock                
1     00000500  __STACK_END                     
abs   00000100  __STACK_SIZE                    
1     0000a9d0  ___TI_cleanup_ptr               
1     0000a9d2  ___TI_dtors_ptr                 
1     0000a9ce  ___TI_enable_exit_profile_output
abs   ffffffff  ___TI_pprof_out_hndl            
abs   ffffffff  ___TI_prof_data_size            
abs   ffffffff  ___TI_prof_data_start           
abs   ffffffff  ___binit__                      
abs   ffffffff  ___c_args__                     
0     0000022b  ___cinit__                      
0     000003a2  ___error__                      
abs   ffffffff  ___etext__                      
abs   ffffffff  ___pinit__                      
abs   ffffffff  ___text__                       
0     00008435  __args_main                     
1     0000a9d4  __lock                          
0     00008540  __nop                           
0     0000853c  __register_lock                 
0     00008538  __register_unlock               
1     00000400  __stack                         
0     000003ff  __system_post_cinit             
0     0000854c  __system_pre_init               
1     0000a9d6  __unlock                        
0     000082d0  _abort                          
0     00008226  _c_int00                        
0     00008342  _copy_in                        
0     000082d2  _exit                           
0     000084d0  _main                           
0     000083e4  _memcpy                         
abs   ffffffff  binit                           
0     0000022b  cinit                           
0     00000000  code_start                      
abs   ffffffff  etext                           
abs   ffffffff  pinit                           


GLOBAL SYMBOLS: SORTED BY Symbol Address 

page  address   name                            
----  -------   ----                            
0     00000000  code_start                      
0     000000f5  _Flash_initModule               
0     00000227  _SysCtl_delay                   
0     0000022b  ___cinit__                      
0     0000022b  cinit                           
0     00000287  _Device_init                    
0     000002c4  _Device_enableAllPeripherals    
0     00000392  _Device_initGPIO                
0     000003a2  ___error__                      
0     000003a9  _SysCtl_selectOscSource         
0     000003ff  __system_post_cinit             
0     00008000  _SysCtl_setClock                
0     000080b3  _SysCtl_isPLLValid              
0     0000815a  _SysCtl_getClock                
0     00008226  _c_int00                        
0     0000827c  _Interrupt_initModule           
0     000082d0  C$$EXIT                         
0     000082d0  _abort                          
0     000082d2  _exit                           
0     0000831e  _SysCtl_selectXTAL              
0     00008342  _copy_in                        
0     00008388  _Interrupt_initVectorTable      
0     000083e4  _memcpy                         
0     00008401  _SysCtl_getLowSpeedClock        
0     0000841b  _SysCtl_selectXTALSingleEnded   
0     00008435  __args_main                     
0     000084d0  _main                           
0     00008538  __register_unlock               
0     0000853c  __register_lock                 
0     00008540  __nop                           
0     0000854c  __system_pre_init               
1     00000400  __stack                         
1     00000500  __STACK_END                     
1     0000a9ce  ___TI_enable_exit_profile_output
1     0000a9d0  ___TI_cleanup_ptr               
1     0000a9d2  ___TI_dtors_ptr                 
1     0000a9d4  __lock                          
1     0000a9d6  __unlock                        
abs   00000100  __STACK_SIZE                    
abs   ffffffff  .text                           
abs   ffffffff  ___TI_pprof_out_hndl            
abs   ffffffff  ___TI_prof_data_size            
abs   ffffffff  ___TI_prof_data_start           
abs   ffffffff  ___binit__                      
abs   ffffffff  ___c_args__                     
abs   ffffffff  ___etext__                      
abs   ffffffff  ___pinit__                      
abs   ffffffff  ___text__                       
abs   ffffffff  binit                           
abs   ffffffff  etext                           
abs   ffffffff  pinit                           

[51 symbols]
