<?xml version="1.0" encoding="ISO-8859-1" ?>
<link_info>
   <banner>TMS320C2000 Linker PC v18.1.3.LTS</banner>
   <copyright>Copyright (c) 1996-2017 Texas Instruments Incorporated</copyright>
   <link_time>0x5c81b522</link_time>
   <link_errors>0x0</link_errors>
   <output_file>pwm5a5b_on_launchpad.out</output_file>
   <entry_point>
      <name>code_start</name>
      <address>0x80000</address>
   </entry_point>
   <input_file_list>
      <input_file id="fl-2">
         <path>.\</path>
         <kind>object</kind>
         <file>pwm5a5b_on_launchpad.obj</file>
         <name>pwm5a5b_on_launchpad.obj</name>
      </input_file>
      <input_file id="fl-3">
         <path>.\device\</path>
         <kind>object</kind>
         <file>device.obj</file>
         <name>device.obj</name>
      </input_file>
      <input_file id="fl-4">
         <path>.\device\</path>
         <kind>object</kind>
         <file>f28004x_codestartbranch.obj</file>
         <name>f28004x_codestartbranch.obj</name>
      </input_file>
      <input_file id="fl-9">
         <kind>object</kind>
         <file>&lt;internal&gt;</file>
         <name>&lt;internal&gt;</name>
      </input_file>
      <input_file id="fl-a">
         <path>..\</path>
         <kind>archive</kind>
         <file>driverlib.lib</file>
         <name>flash.obj</name>
      </input_file>
      <input_file id="fl-b">
         <path>..\</path>
         <kind>archive</kind>
         <file>driverlib.lib</file>
         <name>gpio.obj</name>
      </input_file>
      <input_file id="fl-c">
         <path>..\</path>
         <kind>archive</kind>
         <file>driverlib.lib</file>
         <name>interrupt.obj</name>
      </input_file>
      <input_file id="fl-d">
         <path>..\</path>
         <kind>archive</kind>
         <file>driverlib.lib</file>
         <name>sysctl.obj</name>
      </input_file>
      <input_file id="fl-19">
         <path>C:\ti\ccsv8\tools\compiler\ti-cgt-c2000_18.1.3.LTS\lib\</path>
         <kind>archive</kind>
         <file>rts2800_fpu32.lib</file>
         <name>boot28.asm.obj</name>
      </input_file>
      <input_file id="fl-1a">
         <path>C:\ti\ccsv8\tools\compiler\ti-cgt-c2000_18.1.3.LTS\lib\</path>
         <kind>archive</kind>
         <file>rts2800_fpu32.lib</file>
         <name>cpy_tbl.c.obj</name>
      </input_file>
      <input_file id="fl-1b">
         <path>C:\ti\ccsv8\tools\compiler\ti-cgt-c2000_18.1.3.LTS\lib\</path>
         <kind>archive</kind>
         <file>rts2800_fpu32.lib</file>
         <name>memcpy.c.obj</name>
      </input_file>
      <input_file id="fl-1c">
         <path>C:\ti\ccsv8\tools\compiler\ti-cgt-c2000_18.1.3.LTS\lib\</path>
         <kind>archive</kind>
         <file>rts2800_fpu32.lib</file>
         <name>pre_init.c.obj</name>
      </input_file>
      <input_file id="fl-1d">
         <path>C:\ti\ccsv8\tools\compiler\ti-cgt-c2000_18.1.3.LTS\lib\</path>
         <kind>archive</kind>
         <file>rts2800_fpu32.lib</file>
         <name>startup.c.obj</name>
      </input_file>
      <input_file id="fl-1e">
         <path>C:\ti\ccsv8\tools\compiler\ti-cgt-c2000_18.1.3.LTS\lib\</path>
         <kind>archive</kind>
         <file>rts2800_fpu32.lib</file>
         <name>exit.c.obj</name>
      </input_file>
      <input_file id="fl-1f">
         <path>C:\ti\ccsv8\tools\compiler\ti-cgt-c2000_18.1.3.LTS\lib\</path>
         <kind>archive</kind>
         <file>rts2800_fpu32.lib</file>
         <name>_lock.c.obj</name>
      </input_file>
      <input_file id="fl-20">
         <path>C:\ti\ccsv8\tools\compiler\ti-cgt-c2000_18.1.3.LTS\lib\</path>
         <kind>archive</kind>
         <file>rts2800_fpu32.lib</file>
         <name>args_main.c.obj</name>
      </input_file>
   </input_file_list>
   <object_component_list>
      <object_component id="oc-11">
         <name>codestart</name>
         <load_address>0x80000</load_address>
         <run_address>0x80000</run_address>
         <size>0x2</size>
         <input_file_ref idref="fl-4"/>
      </object_component>
      <object_component id="oc-69">
         <name>.text</name>
         <load_address>0x81154</load_address>
         <run_address>0x81154</run_address>
         <size>0x4f7</size>
         <input_file_ref idref="fl-2"/>
      </object_component>
      <object_component id="oc-6f">
         <name>.text</name>
         <load_address>0x8164b</load_address>
         <run_address>0x8164b</run_address>
         <size>0x16e</size>
         <input_file_ref idref="fl-3"/>
      </object_component>
      <object_component id="oc-78">
         <name>.text:_SysCtl_setClock</name>
         <load_address>0x817b9</load_address>
         <run_address>0x817b9</run_address>
         <size>0xb3</size>
         <input_file_ref idref="fl-d"/>
      </object_component>
      <object_component id="oc-86">
         <name>.text:_SysCtl_isPLLValid</name>
         <load_address>0x8186c</load_address>
         <run_address>0x8186c</run_address>
         <size>0xa7</size>
         <input_file_ref idref="fl-d"/>
      </object_component>
      <object_component id="oc-14">
         <name>.text:retain</name>
         <load_address>0x81913</load_address>
         <run_address>0x81913</run_address>
         <size>0xa5</size>
         <input_file_ref idref="fl-2"/>
      </object_component>
      <object_component id="oc-79">
         <name>.text:_SysCtl_getClock</name>
         <load_address>0x819b8</load_address>
         <run_address>0x819b8</run_address>
         <size>0x6e</size>
         <input_file_ref idref="fl-d"/>
      </object_component>
      <object_component id="oc-9a">
         <name>.text:_DCC_setCounterSeeds</name>
         <load_address>0x81a26</load_address>
         <run_address>0x81a26</run_address>
         <size>0x5e</size>
         <input_file_ref idref="fl-d"/>
      </object_component>
      <object_component id="oc-85">
         <name>.text:_SysCtl_selectOscSource</name>
         <load_address>0x81a84</load_address>
         <run_address>0x81a84</run_address>
         <size>0x56</size>
         <input_file_ref idref="fl-d"/>
      </object_component>
      <object_component id="oc-3d">
         <name>.text</name>
         <load_address>0x81ada</load_address>
         <run_address>0x81ada</run_address>
         <size>0x56</size>
         <input_file_ref idref="fl-19"/>
      </object_component>
      <object_component id="oc-70">
         <name>.text:_Interrupt_initModule</name>
         <load_address>0x81b30</load_address>
         <run_address>0x81b30</run_address>
         <size>0x54</size>
         <input_file_ref idref="fl-c"/>
      </object_component>
      <object_component id="oc-72">
         <name>.text:_GPIO_setPadConfig</name>
         <load_address>0x81b84</load_address>
         <run_address>0x81b84</run_address>
         <size>0x52</size>
         <input_file_ref idref="fl-b"/>
      </object_component>
      <object_component id="oc-73">
         <name>.text:_GPIO_setPinConfig</name>
         <load_address>0x81bd6</load_address>
         <run_address>0x81bd6</run_address>
         <size>0x3d</size>
         <input_file_ref idref="fl-b"/>
      </object_component>
      <object_component id="oc-74">
         <name>.text:_Interrupt_enable</name>
         <load_address>0x81c13</load_address>
         <run_address>0x81c13</run_address>
         <size>0x33</size>
         <input_file_ref idref="fl-c"/>
      </object_component>
      <object_component id="oc-6e">
         <name>.text</name>
         <load_address>0x81c46</load_address>
         <run_address>0x81c46</run_address>
         <size>0x29</size>
         <input_file_ref idref="fl-1e"/>
      </object_component>
      <object_component id="oc-9b">
         <name>.text:_DCC_enableSingleShotMode</name>
         <load_address>0x81c6f</load_address>
         <run_address>0x81c6f</run_address>
         <size>0x25</size>
         <input_file_ref idref="fl-d"/>
      </object_component>
      <object_component id="oc-92">
         <name>.text:_SysCtl_selectXTAL</name>
         <load_address>0x81c94</load_address>
         <run_address>0x81c94</run_address>
         <size>0x24</size>
         <input_file_ref idref="fl-d"/>
      </object_component>
      <object_component id="oc-6b">
         <name>.text</name>
         <load_address>0x81cb8</load_address>
         <run_address>0x81cb8</run_address>
         <size>0x24</size>
         <input_file_ref idref="fl-1a"/>
      </object_component>
      <object_component id="oc-9e">
         <name>.text:_SysCtl_pollX1Counter</name>
         <load_address>0x81cdc</load_address>
         <run_address>0x81cdc</run_address>
         <size>0x22</size>
         <input_file_ref idref="fl-d"/>
      </object_component>
      <object_component id="oc-71">
         <name>.text:_Interrupt_initVectorTable</name>
         <load_address>0x81cfe</load_address>
         <run_address>0x81cfe</run_address>
         <size>0x20</size>
         <input_file_ref idref="fl-c"/>
      </object_component>
      <object_component id="oc-99">
         <name>.text:_DCC_setCounter1ClkSource</name>
         <load_address>0x81d1e</load_address>
         <run_address>0x81d1e</run_address>
         <size>0x1f</size>
         <input_file_ref idref="fl-d"/>
      </object_component>
      <object_component id="oc-98">
         <name>.text:_DCC_setCounter0ClkSource</name>
         <load_address>0x81d3d</load_address>
         <run_address>0x81d3d</run_address>
         <size>0x1d</size>
         <input_file_ref idref="fl-d"/>
      </object_component>
      <object_component id="oc-75">
         <name>.text</name>
         <load_address>0x81d5a</load_address>
         <run_address>0x81d5a</run_address>
         <size>0x1d</size>
         <input_file_ref idref="fl-1b"/>
      </object_component>
      <object_component id="oc-7a">
         <name>.text:_SysCtl_getLowSpeedClock</name>
         <load_address>0x81d77</load_address>
         <run_address>0x81d77</run_address>
         <size>0x1a</size>
         <input_file_ref idref="fl-d"/>
      </object_component>
      <object_component id="oc-93">
         <name>.text:_SysCtl_selectXTALSingleEnded</name>
         <load_address>0x81d91</load_address>
         <run_address>0x81d91</run_address>
         <size>0x1a</size>
         <input_file_ref idref="fl-d"/>
      </object_component>
      <object_component id="oc-6d">
         <name>.text</name>
         <load_address>0x81dab</load_address>
         <run_address>0x81dab</run_address>
         <size>0x19</size>
         <input_file_ref idref="fl-20"/>
      </object_component>
      <object_component id="oc-97">
         <name>.text:_DCC_enableDoneSignal</name>
         <load_address>0x81dc4</load_address>
         <run_address>0x81dc4</run_address>
         <size>0x17</size>
         <input_file_ref idref="fl-d"/>
      </object_component>
      <object_component id="oc-94">
         <name>.text:_SysCtl_enablePeripheral</name>
         <load_address>0x81ddb</load_address>
         <run_address>0x81ddb</run_address>
         <size>0x17</size>
         <input_file_ref idref="fl-d"/>
      </object_component>
      <object_component id="oc-96">
         <name>.text:_DCC_disableErrorSignal</name>
         <load_address>0x81df2</load_address>
         <run_address>0x81df2</run_address>
         <size>0x16</size>
         <input_file_ref idref="fl-d"/>
      </object_component>
      <object_component id="oc-9c">
         <name>.text:_DCC_enableErrorSignal</name>
         <load_address>0x81e08</load_address>
         <run_address>0x81e08</run_address>
         <size>0x16</size>
         <input_file_ref idref="fl-d"/>
      </object_component>
      <object_component id="oc-95">
         <name>.text:_DCC_disableModule</name>
         <load_address>0x81e1e</load_address>
         <run_address>0x81e1e</run_address>
         <size>0x14</size>
         <input_file_ref idref="fl-d"/>
      </object_component>
      <object_component id="oc-9d">
         <name>.text:_DCC_enableModule</name>
         <load_address>0x81e32</load_address>
         <run_address>0x81e32</run_address>
         <size>0x14</size>
         <input_file_ref idref="fl-d"/>
      </object_component>
      <object_component id="oc-80">
         <name>.text:_GPIO_isPinValid</name>
         <load_address>0x81e46</load_address>
         <run_address>0x81e46</run_address>
         <size>0x14</size>
         <input_file_ref idref="fl-b"/>
      </object_component>
      <object_component id="oc-a0">
         <name>.text:_DCC_isBaseValid</name>
         <load_address>0x81e5a</load_address>
         <run_address>0x81e5a</run_address>
         <size>0x10</size>
         <input_file_ref idref="fl-d"/>
      </object_component>
      <object_component id="oc-87">
         <name>.text:_Flash_isCtrlBaseValid</name>
         <load_address>0x81e6a</load_address>
         <run_address>0x81e6a</run_address>
         <size>0x10</size>
         <input_file_ref idref="fl-a"/>
      </object_component>
      <object_component id="oc-88">
         <name>.text:_Flash_isECCBaseValid</name>
         <load_address>0x81e7a</load_address>
         <run_address>0x81e7a</run_address>
         <size>0x10</size>
         <input_file_ref idref="fl-a"/>
      </object_component>
      <object_component id="oc-7d">
         <name>.text:_Interrupt_defaultHandler</name>
         <load_address>0x81e8a</load_address>
         <run_address>0x81e8a</run_address>
         <size>0xe</size>
         <input_file_ref idref="fl-c"/>
      </object_component>
      <object_component id="oc-7c">
         <name>.text:_Interrupt_disableMaster</name>
         <load_address>0x81e98</load_address>
         <run_address>0x81e98</run_address>
         <size>0xd</size>
         <input_file_ref idref="fl-c"/>
      </object_component>
      <object_component id="oc-81">
         <name>.text:_Interrupt_enableMaster</name>
         <load_address>0x81ea5</load_address>
         <run_address>0x81ea5</run_address>
         <size>0xd</size>
         <input_file_ref idref="fl-c"/>
      </object_component>
      <object_component id="oc-84">
         <name>.text:_SysCtl_isMCDClockFailureDetected</name>
         <load_address>0x81eb2</load_address>
         <run_address>0x81eb2</run_address>
         <size>0xb</size>
         <input_file_ref idref="fl-d"/>
      </object_component>
      <object_component id="oc-82">
         <name>.text</name>
         <load_address>0x81ebd</load_address>
         <run_address>0x81ebd</run_address>
         <size>0x9</size>
         <input_file_ref idref="fl-1f"/>
      </object_component>
      <object_component id="oc-9f">
         <name>.text:_SysCtl_resetMCD</name>
         <load_address>0x81ec6</load_address>
         <run_address>0x81ec6</run_address>
         <size>0x7</size>
         <input_file_ref idref="fl-d"/>
      </object_component>
      <object_component id="oc-7f">
         <name>.text:_Interrupt_illegalOperationHandler</name>
         <load_address>0x81ecd</load_address>
         <run_address>0x81ecd</run_address>
         <size>0x2</size>
         <input_file_ref idref="fl-c"/>
      </object_component>
      <object_component id="oc-7e">
         <name>.text:_Interrupt_nmiHandler</name>
         <load_address>0x81ecf</load_address>
         <run_address>0x81ecf</run_address>
         <size>0x2</size>
         <input_file_ref idref="fl-c"/>
      </object_component>
      <object_component id="oc-6a">
         <name>.text</name>
         <load_address>0x81ed1</load_address>
         <run_address>0x81ed1</run_address>
         <size>0x2</size>
         <input_file_ref idref="fl-1c"/>
      </object_component>
      <object_component id="oc-6c">
         <name>.text</name>
         <load_address>0x81ed3</load_address>
         <run_address>0x81ed3</run_address>
         <size>0x1</size>
         <input_file_ref idref="fl-1d"/>
      </object_component>
      <object_component id="oc-59">
         <name>.cinit</name>
         <load_address>0x81138</load_address>
         <run_address>0x81138</run_address>
         <size>0xe</size>
         <input_file_ref idref="fl-1e"/>
      </object_component>
      <object_component id="oc-77">
         <name>.cinit:__lock</name>
         <load_address>0x81146</load_address>
         <run_address>0x81146</run_address>
         <size>0x5</size>
         <input_file_ref idref="fl-1f"/>
      </object_component>
      <object_component id="oc-83">
         <name>.cinit:__unlock</name>
         <load_address>0x8114b</load_address>
         <run_address>0x8114b</run_address>
         <size>0x5</size>
         <input_file_ref idref="fl-1f"/>
      </object_component>
      <object_component id="oc-3f">
         <name>.reset</name>
         <load_address>0x3fffc0</load_address>
         <run_address>0x3fffc0</run_address>
         <size>0x2</size>
         <input_file_ref idref="fl-19"/>
      </object_component>
      <object_component id="oc-3e">
         <name>.stack</name>
         <uninitialized>true</uninitialized>
         <run_address>0x400</run_address>
         <size>0x0</size>
         <input_file_ref idref="fl-19"/>
      </object_component>
      <object_component id="oc-bb">
         <name>.stack</name>
         <uninitialized>true</uninitialized>
         <run_address>0x400</run_address>
         <size>0x0</size>
      </object_component>
      <object_component id="oc-13">
         <name>.ebss</name>
         <uninitialized>true</uninitialized>
         <run_address>0xa800</run_address>
         <size>0x1e</size>
         <input_file_ref idref="fl-2"/>
      </object_component>
      <object_component id="oc-5a">
         <name>.ebss</name>
         <uninitialized>true</uninitialized>
         <run_address>0xa81e</run_address>
         <size>0x6</size>
         <input_file_ref idref="fl-1e"/>
      </object_component>
      <object_component id="oc-91">
         <name>.ebss:__unlock</name>
         <uninitialized>true</uninitialized>
         <run_address>0xa826</run_address>
         <size>0x2</size>
         <input_file_ref idref="fl-1f"/>
      </object_component>
      <object_component id="oc-76">
         <name>.ebss:__lock</name>
         <uninitialized>true</uninitialized>
         <run_address>0xa824</run_address>
         <size>0x2</size>
         <input_file_ref idref="fl-1f"/>
      </object_component>
      <object_component id="oc-25">
         <name>.econst:.string</name>
         <load_address>0x84000</load_address>
         <run_address>0x84000</run_address>
         <size>0xaf</size>
         <input_file_ref idref="fl-a"/>
      </object_component>
      <object_component id="oc-38">
         <name>.econst:.string</name>
         <load_address>0x840b0</load_address>
         <run_address>0x840b0</run_address>
         <size>0xae</size>
         <input_file_ref idref="fl-d"/>
      </object_component>
      <object_component id="oc-2b">
         <name>.econst:.string</name>
         <load_address>0x8415e</load_address>
         <run_address>0x8415e</run_address>
         <size>0xac</size>
         <input_file_ref idref="fl-b"/>
      </object_component>
      <object_component id="oc-31">
         <name>.econst:.string</name>
         <load_address>0x8420a</load_address>
         <run_address>0x8420a</run_address>
         <size>0x5b</size>
         <input_file_ref idref="fl-c"/>
      </object_component>
      <object_component id="oc-15">
         <name>.econst:.string</name>
         <load_address>0x84266</load_address>
         <run_address>0x84266</run_address>
         <size>0x44</size>
         <input_file_ref idref="fl-2"/>
      </object_component>
      <object_component id="oc-1b">
         <name>.econst:.string</name>
         <load_address>0x842aa</load_address>
         <run_address>0x842aa</run_address>
         <size>0x13</size>
         <input_file_ref idref="fl-3"/>
      </object_component>
      <object_component id="oc-7b">
         <name>.TI.ramfunc:_Flash_initModule</name>
         <load_address>0x81000</load_address>
         <run_address>0x8000</run_address>
         <size>0x44</size>
         <input_file_ref idref="fl-a"/>
      </object_component>
      <object_component id="oc-89">
         <name>.TI.ramfunc:_Flash_setBankPowerMode</name>
         <load_address>0x81044</load_address>
         <run_address>0x8044</run_address>
         <size>0x32</size>
         <input_file_ref idref="fl-a"/>
      </object_component>
      <object_component id="oc-8d">
         <name>.TI.ramfunc:_Flash_setWaitstates</name>
         <load_address>0x81076</load_address>
         <run_address>0x8076</run_address>
         <size>0x26</size>
         <input_file_ref idref="fl-a"/>
      </object_component>
      <object_component id="oc-8a">
         <name>.TI.ramfunc:_Flash_setPumpPowerMode</name>
         <load_address>0x8109c</load_address>
         <run_address>0x809c</run_address>
         <size>0x1f</size>
         <input_file_ref idref="fl-a"/>
      </object_component>
      <object_component id="oc-8b">
         <name>.TI.ramfunc:_Flash_disableCache</name>
         <load_address>0x810bb</load_address>
         <run_address>0x80bb</run_address>
         <size>0x18</size>
         <input_file_ref idref="fl-a"/>
      </object_component>
      <object_component id="oc-8c">
         <name>.TI.ramfunc:_Flash_disablePrefetch</name>
         <load_address>0x810d3</load_address>
         <run_address>0x80d3</run_address>
         <size>0x18</size>
         <input_file_ref idref="fl-a"/>
      </object_component>
      <object_component id="oc-8e">
         <name>.TI.ramfunc:_Flash_enableCache</name>
         <load_address>0x810eb</load_address>
         <run_address>0x80eb</run_address>
         <size>0x18</size>
         <input_file_ref idref="fl-a"/>
      </object_component>
      <object_component id="oc-8f">
         <name>.TI.ramfunc:_Flash_enablePrefetch</name>
         <load_address>0x81103</load_address>
         <run_address>0x8103</run_address>
         <size>0x18</size>
         <input_file_ref idref="fl-a"/>
      </object_component>
      <object_component id="oc-90">
         <name>.TI.ramfunc:_Flash_enableECC</name>
         <load_address>0x8111b</load_address>
         <run_address>0x811b</run_address>
         <size>0x17</size>
         <input_file_ref idref="fl-a"/>
      </object_component>
      <object_component id="oc-37">
         <name>.TI.ramfunc</name>
         <load_address>0x81132</load_address>
         <run_address>0x8132</run_address>
         <size>0x4</size>
         <input_file_ref idref="fl-d"/>
      </object_component>
      <object_component id="oc-12">
         <name>.debug_info</name>
         <load_address>0x0</load_address>
         <run_address>0x0</run_address>
         <size>0x3e51</size>
         <input_file_ref idref="fl-2"/>
      </object_component>
      <object_component id="oc-1a">
         <name>.debug_info</name>
         <load_address>0x3e51</load_address>
         <run_address>0x3e51</run_address>
         <size>0x1aa2</size>
         <input_file_ref idref="fl-3"/>
      </object_component>
      <object_component id="oc-20">
         <name>.debug_info</name>
         <load_address>0x58f3</load_address>
         <run_address>0x58f3</run_address>
         <size>0x110</size>
         <input_file_ref idref="fl-4"/>
      </object_component>
      <object_component id="oc-24">
         <name>.debug_info</name>
         <load_address>0x5a03</load_address>
         <run_address>0x5a03</run_address>
         <size>0x15f7</size>
         <input_file_ref idref="fl-a"/>
      </object_component>
      <object_component id="oc-2a">
         <name>.debug_info</name>
         <load_address>0x6ffa</load_address>
         <run_address>0x6ffa</run_address>
         <size>0xb1f</size>
         <input_file_ref idref="fl-b"/>
      </object_component>
      <object_component id="oc-30">
         <name>.debug_info</name>
         <load_address>0x7b19</load_address>
         <run_address>0x7b19</run_address>
         <size>0xdfc</size>
         <input_file_ref idref="fl-c"/>
      </object_component>
      <object_component id="oc-36">
         <name>.debug_info</name>
         <load_address>0x8915</load_address>
         <run_address>0x8915</run_address>
         <size>0x2c84</size>
         <input_file_ref idref="fl-d"/>
      </object_component>
      <object_component id="oc-40">
         <name>.debug_info</name>
         <load_address>0xb599</load_address>
         <run_address>0xb599</run_address>
         <size>0x16b</size>
         <input_file_ref idref="fl-19"/>
      </object_component>
      <object_component id="oc-44">
         <name>.debug_info</name>
         <load_address>0xb704</load_address>
         <run_address>0xb704</run_address>
         <size>0x57f</size>
         <input_file_ref idref="fl-1a"/>
      </object_component>
      <object_component id="oc-49">
         <name>.debug_info</name>
         <load_address>0xbc83</load_address>
         <run_address>0xbc83</run_address>
         <size>0x47a</size>
         <input_file_ref idref="fl-1b"/>
      </object_component>
      <object_component id="oc-4e">
         <name>.debug_info</name>
         <load_address>0xc0fd</load_address>
         <run_address>0xc0fd</run_address>
         <size>0x3ed</size>
         <input_file_ref idref="fl-1c"/>
      </object_component>
      <object_component id="oc-53">
         <name>.debug_info</name>
         <load_address>0xc4ea</load_address>
         <run_address>0xc4ea</run_address>
         <size>0x3ea</size>
         <input_file_ref idref="fl-1d"/>
      </object_component>
      <object_component id="oc-58">
         <name>.debug_info</name>
         <load_address>0xc8d4</load_address>
         <run_address>0xc8d4</run_address>
         <size>0x584</size>
         <input_file_ref idref="fl-1e"/>
      </object_component>
      <object_component id="oc-5f">
         <name>.debug_info</name>
         <load_address>0xce58</load_address>
         <run_address>0xce58</run_address>
         <size>0x50c</size>
         <input_file_ref idref="fl-1f"/>
      </object_component>
      <object_component id="oc-64">
         <name>.debug_info</name>
         <load_address>0xd364</load_address>
         <run_address>0xd364</run_address>
         <size>0x4a7</size>
         <input_file_ref idref="fl-20"/>
      </object_component>
      <object_component id="oc-bd">
         <name>.debug_info</name>
         <load_address>0xd80b</load_address>
         <run_address>0xd80b</run_address>
         <size>0xb7</size>
      </object_component>
      <object_component id="oc-16">
         <name>.debug_frame</name>
         <load_address>0x0</load_address>
         <run_address>0x0</run_address>
         <size>0x480</size>
         <input_file_ref idref="fl-2"/>
      </object_component>
      <object_component id="oc-1c">
         <name>.debug_frame</name>
         <load_address>0x480</load_address>
         <run_address>0x480</run_address>
         <size>0x104</size>
         <input_file_ref idref="fl-3"/>
      </object_component>
      <object_component id="oc-26">
         <name>.debug_frame</name>
         <load_address>0x7ec</load_address>
         <run_address>0x7ec</run_address>
         <size>0x1b6</size>
         <input_file_ref idref="fl-a"/>
      </object_component>
      <object_component id="oc-2c">
         <name>.debug_frame</name>
         <load_address>0x9a2</load_address>
         <run_address>0x9a2</run_address>
         <size>0xde</size>
         <input_file_ref idref="fl-b"/>
      </object_component>
      <object_component id="oc-32">
         <name>.debug_frame</name>
         <load_address>0xa80</load_address>
         <run_address>0xa80</run_address>
         <size>0x144</size>
         <input_file_ref idref="fl-c"/>
      </object_component>
      <object_component id="oc-39">
         <name>.debug_frame</name>
         <load_address>0xbc4</load_address>
         <run_address>0xbc4</run_address>
         <size>0x2b0</size>
         <input_file_ref idref="fl-d"/>
      </object_component>
      <object_component id="oc-45">
         <name>.debug_frame</name>
         <load_address>0x584</load_address>
         <run_address>0x584</run_address>
         <size>0x68</size>
         <input_file_ref idref="fl-1a"/>
      </object_component>
      <object_component id="oc-4a">
         <name>.debug_frame</name>
         <load_address>0x5ec</load_address>
         <run_address>0x5ec</run_address>
         <size>0x48</size>
         <input_file_ref idref="fl-1b"/>
      </object_component>
      <object_component id="oc-4f">
         <name>.debug_frame</name>
         <load_address>0x634</load_address>
         <run_address>0x634</run_address>
         <size>0x48</size>
         <input_file_ref idref="fl-1c"/>
      </object_component>
      <object_component id="oc-54">
         <name>.debug_frame</name>
         <load_address>0x67c</load_address>
         <run_address>0x67c</run_address>
         <size>0x48</size>
         <input_file_ref idref="fl-1d"/>
      </object_component>
      <object_component id="oc-5b">
         <name>.debug_frame</name>
         <load_address>0x6c4</load_address>
         <run_address>0x6c4</run_address>
         <size>0x68</size>
         <input_file_ref idref="fl-1e"/>
      </object_component>
      <object_component id="oc-60">
         <name>.debug_frame</name>
         <load_address>0x72c</load_address>
         <run_address>0x72c</run_address>
         <size>0x78</size>
         <input_file_ref idref="fl-1f"/>
      </object_component>
      <object_component id="oc-65">
         <name>.debug_frame</name>
         <load_address>0x7a4</load_address>
         <run_address>0x7a4</run_address>
         <size>0x48</size>
         <input_file_ref idref="fl-20"/>
      </object_component>
      <object_component id="oc-17">
         <name>.debug_line</name>
         <load_address>0x0</load_address>
         <run_address>0x0</run_address>
         <size>0x511</size>
         <input_file_ref idref="fl-2"/>
      </object_component>
      <object_component id="oc-1d">
         <name>.debug_line</name>
         <load_address>0x511</load_address>
         <run_address>0x511</run_address>
         <size>0x1de</size>
         <input_file_ref idref="fl-3"/>
      </object_component>
      <object_component id="oc-21">
         <name>.debug_line</name>
         <load_address>0x6ef</load_address>
         <run_address>0x6ef</run_address>
         <size>0x54</size>
         <input_file_ref idref="fl-4"/>
      </object_component>
      <object_component id="oc-27">
         <name>.debug_line</name>
         <load_address>0x743</load_address>
         <run_address>0x743</run_address>
         <size>0x20a</size>
         <input_file_ref idref="fl-a"/>
      </object_component>
      <object_component id="oc-2d">
         <name>.debug_line</name>
         <load_address>0x94d</load_address>
         <run_address>0x94d</run_address>
         <size>0x1b4</size>
         <input_file_ref idref="fl-b"/>
      </object_component>
      <object_component id="oc-33">
         <name>.debug_line</name>
         <load_address>0xb01</load_address>
         <run_address>0xb01</run_address>
         <size>0x1f8</size>
         <input_file_ref idref="fl-c"/>
      </object_component>
      <object_component id="oc-3a">
         <name>.debug_line</name>
         <load_address>0xcf9</load_address>
         <run_address>0xcf9</run_address>
         <size>0x574</size>
         <input_file_ref idref="fl-d"/>
      </object_component>
      <object_component id="oc-41">
         <name>.debug_line</name>
         <load_address>0x126d</load_address>
         <run_address>0x126d</run_address>
         <size>0x7e</size>
         <input_file_ref idref="fl-19"/>
      </object_component>
      <object_component id="oc-46">
         <name>.debug_line</name>
         <load_address>0x12eb</load_address>
         <run_address>0x12eb</run_address>
         <size>0x50</size>
         <input_file_ref idref="fl-1a"/>
      </object_component>
      <object_component id="oc-4b">
         <name>.debug_line</name>
         <load_address>0x133b</load_address>
         <run_address>0x133b</run_address>
         <size>0x62</size>
         <input_file_ref idref="fl-1b"/>
      </object_component>
      <object_component id="oc-50">
         <name>.debug_line</name>
         <load_address>0x139d</load_address>
         <run_address>0x139d</run_address>
         <size>0x3e</size>
         <input_file_ref idref="fl-1c"/>
      </object_component>
      <object_component id="oc-55">
         <name>.debug_line</name>
         <load_address>0x13db</load_address>
         <run_address>0x13db</run_address>
         <size>0x3a</size>
         <input_file_ref idref="fl-1d"/>
      </object_component>
      <object_component id="oc-5c">
         <name>.debug_line</name>
         <load_address>0x1415</load_address>
         <run_address>0x1415</run_address>
         <size>0x65</size>
         <input_file_ref idref="fl-1e"/>
      </object_component>
      <object_component id="oc-61">
         <name>.debug_line</name>
         <load_address>0x147a</load_address>
         <run_address>0x147a</run_address>
         <size>0x5e</size>
         <input_file_ref idref="fl-1f"/>
      </object_component>
      <object_component id="oc-66">
         <name>.debug_line</name>
         <load_address>0x14d8</load_address>
         <run_address>0x14d8</run_address>
         <size>0x55</size>
         <input_file_ref idref="fl-20"/>
      </object_component>
      <object_component id="oc-18">
         <name>.debug_abbrev</name>
         <load_address>0x0</load_address>
         <run_address>0x0</run_address>
         <size>0x202</size>
         <input_file_ref idref="fl-2"/>
      </object_component>
      <object_component id="oc-1e">
         <name>.debug_abbrev</name>
         <load_address>0x202</load_address>
         <run_address>0x202</run_address>
         <size>0x12a</size>
         <input_file_ref idref="fl-3"/>
      </object_component>
      <object_component id="oc-22">
         <name>.debug_abbrev</name>
         <load_address>0x32c</load_address>
         <run_address>0x32c</run_address>
         <size>0x21</size>
         <input_file_ref idref="fl-4"/>
      </object_component>
      <object_component id="oc-28">
         <name>.debug_abbrev</name>
         <load_address>0x34d</load_address>
         <run_address>0x34d</run_address>
         <size>0x149</size>
         <input_file_ref idref="fl-a"/>
      </object_component>
      <object_component id="oc-2e">
         <name>.debug_abbrev</name>
         <load_address>0x496</load_address>
         <run_address>0x496</run_address>
         <size>0x1d6</size>
         <input_file_ref idref="fl-b"/>
      </object_component>
      <object_component id="oc-34">
         <name>.debug_abbrev</name>
         <load_address>0x66c</load_address>
         <run_address>0x66c</run_address>
         <size>0x193</size>
         <input_file_ref idref="fl-c"/>
      </object_component>
      <object_component id="oc-3b">
         <name>.debug_abbrev</name>
         <load_address>0x7ff</load_address>
         <run_address>0x7ff</run_address>
         <size>0x219</size>
         <input_file_ref idref="fl-d"/>
      </object_component>
      <object_component id="oc-42">
         <name>.debug_abbrev</name>
         <load_address>0xa18</load_address>
         <run_address>0xa18</run_address>
         <size>0x46</size>
         <input_file_ref idref="fl-19"/>
      </object_component>
      <object_component id="oc-47">
         <name>.debug_abbrev</name>
         <load_address>0xa5e</load_address>
         <run_address>0xa5e</run_address>
         <size>0xe3</size>
         <input_file_ref idref="fl-1a"/>
      </object_component>
      <object_component id="oc-4c">
         <name>.debug_abbrev</name>
         <load_address>0xb41</load_address>
         <run_address>0xb41</run_address>
         <size>0xa8</size>
         <input_file_ref idref="fl-1b"/>
      </object_component>
      <object_component id="oc-51">
         <name>.debug_abbrev</name>
         <load_address>0xbe9</load_address>
         <run_address>0xbe9</run_address>
         <size>0x68</size>
         <input_file_ref idref="fl-1c"/>
      </object_component>
      <object_component id="oc-56">
         <name>.debug_abbrev</name>
         <load_address>0xc51</load_address>
         <run_address>0xc51</run_address>
         <size>0x66</size>
         <input_file_ref idref="fl-1d"/>
      </object_component>
      <object_component id="oc-5d">
         <name>.debug_abbrev</name>
         <load_address>0xcb7</load_address>
         <run_address>0xcb7</run_address>
         <size>0x130</size>
         <input_file_ref idref="fl-1e"/>
      </object_component>
      <object_component id="oc-62">
         <name>.debug_abbrev</name>
         <load_address>0xde7</load_address>
         <run_address>0xde7</run_address>
         <size>0xb2</size>
         <input_file_ref idref="fl-1f"/>
      </object_component>
      <object_component id="oc-67">
         <name>.debug_abbrev</name>
         <load_address>0xe99</load_address>
         <run_address>0xe99</run_address>
         <size>0xee</size>
         <input_file_ref idref="fl-20"/>
      </object_component>
      <object_component id="oc-be">
         <name>.debug_abbrev</name>
         <load_address>0xf87</load_address>
         <run_address>0xf87</run_address>
         <size>0xf</size>
      </object_component>
      <object_component id="oc-19">
         <name>.debug_aranges</name>
         <load_address>0x0</load_address>
         <run_address>0x0</run_address>
         <size>0xf0</size>
         <input_file_ref idref="fl-2"/>
      </object_component>
      <object_component id="oc-1f">
         <name>.debug_aranges</name>
         <load_address>0xf0</load_address>
         <run_address>0xf0</run_address>
         <size>0x58</size>
         <input_file_ref idref="fl-3"/>
      </object_component>
      <object_component id="oc-23">
         <name>.debug_aranges</name>
         <load_address>0x148</load_address>
         <run_address>0x148</run_address>
         <size>0x20</size>
         <input_file_ref idref="fl-4"/>
      </object_component>
      <object_component id="oc-29">
         <name>.debug_aranges</name>
         <load_address>0x168</load_address>
         <run_address>0x168</run_address>
         <size>0x70</size>
         <input_file_ref idref="fl-a"/>
      </object_component>
      <object_component id="oc-2f">
         <name>.debug_aranges</name>
         <load_address>0x1d8</load_address>
         <run_address>0x1d8</run_address>
         <size>0x30</size>
         <input_file_ref idref="fl-b"/>
      </object_component>
      <object_component id="oc-35">
         <name>.debug_aranges</name>
         <load_address>0x208</load_address>
         <run_address>0x208</run_address>
         <size>0x58</size>
         <input_file_ref idref="fl-c"/>
      </object_component>
      <object_component id="oc-3c">
         <name>.debug_aranges</name>
         <load_address>0x260</load_address>
         <run_address>0x260</run_address>
         <size>0xc0</size>
         <input_file_ref idref="fl-d"/>
      </object_component>
      <object_component id="oc-43">
         <name>.debug_aranges</name>
         <load_address>0x320</load_address>
         <run_address>0x320</run_address>
         <size>0x20</size>
         <input_file_ref idref="fl-19"/>
      </object_component>
      <object_component id="oc-48">
         <name>.debug_aranges</name>
         <load_address>0x340</load_address>
         <run_address>0x340</run_address>
         <size>0x20</size>
         <input_file_ref idref="fl-1a"/>
      </object_component>
      <object_component id="oc-4d">
         <name>.debug_aranges</name>
         <load_address>0x360</load_address>
         <run_address>0x360</run_address>
         <size>0x20</size>
         <input_file_ref idref="fl-1b"/>
      </object_component>
      <object_component id="oc-52">
         <name>.debug_aranges</name>
         <load_address>0x380</load_address>
         <run_address>0x380</run_address>
         <size>0x20</size>
         <input_file_ref idref="fl-1c"/>
      </object_component>
      <object_component id="oc-57">
         <name>.debug_aranges</name>
         <load_address>0x3a0</load_address>
         <run_address>0x3a0</run_address>
         <size>0x20</size>
         <input_file_ref idref="fl-1d"/>
      </object_component>
      <object_component id="oc-5e">
         <name>.debug_aranges</name>
         <load_address>0x3c0</load_address>
         <run_address>0x3c0</run_address>
         <size>0x28</size>
         <input_file_ref idref="fl-1e"/>
      </object_component>
      <object_component id="oc-63">
         <name>.debug_aranges</name>
         <load_address>0x3e8</load_address>
         <run_address>0x3e8</run_address>
         <size>0x30</size>
         <input_file_ref idref="fl-1f"/>
      </object_component>
      <object_component id="oc-68">
         <name>.debug_aranges</name>
         <load_address>0x418</load_address>
         <run_address>0x418</run_address>
         <size>0x20</size>
         <input_file_ref idref="fl-20"/>
      </object_component>
   </object_component_list>
   <logical_group_list>
      <logical_group id="lg-2" display="no" color="cyan">
         <name>codestart</name>
         <load_address>0x80000</load_address>
         <run_address>0x80000</run_address>
         <size>0x2</size>
         <contents>
            <object_component_ref idref="oc-11"/>
         </contents>
      </logical_group>
      <logical_group id="lg-bc" display="no" color="cyan">
         <name>.text</name>
         <load_address>0x81154</load_address>
         <run_address>0x81154</run_address>
         <size>0xd80</size>
         <contents>
            <object_component_ref idref="oc-69"/>
            <object_component_ref idref="oc-6f"/>
            <object_component_ref idref="oc-78"/>
            <object_component_ref idref="oc-86"/>
            <object_component_ref idref="oc-14"/>
            <object_component_ref idref="oc-79"/>
            <object_component_ref idref="oc-9a"/>
            <object_component_ref idref="oc-85"/>
            <object_component_ref idref="oc-3d"/>
            <object_component_ref idref="oc-70"/>
            <object_component_ref idref="oc-72"/>
            <object_component_ref idref="oc-73"/>
            <object_component_ref idref="oc-74"/>
            <object_component_ref idref="oc-6e"/>
            <object_component_ref idref="oc-9b"/>
            <object_component_ref idref="oc-92"/>
            <object_component_ref idref="oc-6b"/>
            <object_component_ref idref="oc-9e"/>
            <object_component_ref idref="oc-71"/>
            <object_component_ref idref="oc-99"/>
            <object_component_ref idref="oc-98"/>
            <object_component_ref idref="oc-75"/>
            <object_component_ref idref="oc-7a"/>
            <object_component_ref idref="oc-93"/>
            <object_component_ref idref="oc-6d"/>
            <object_component_ref idref="oc-97"/>
            <object_component_ref idref="oc-94"/>
            <object_component_ref idref="oc-96"/>
            <object_component_ref idref="oc-9c"/>
            <object_component_ref idref="oc-95"/>
            <object_component_ref idref="oc-9d"/>
            <object_component_ref idref="oc-80"/>
            <object_component_ref idref="oc-a0"/>
            <object_component_ref idref="oc-87"/>
            <object_component_ref idref="oc-88"/>
            <object_component_ref idref="oc-7d"/>
            <object_component_ref idref="oc-7c"/>
            <object_component_ref idref="oc-81"/>
            <object_component_ref idref="oc-84"/>
            <object_component_ref idref="oc-82"/>
            <object_component_ref idref="oc-9f"/>
            <object_component_ref idref="oc-7f"/>
            <object_component_ref idref="oc-7e"/>
            <object_component_ref idref="oc-6a"/>
            <object_component_ref idref="oc-6c"/>
         </contents>
      </logical_group>
      <split_section id="lg-3" display="no" color="cyan">
         <name>.text</name>
         <contents>
            <logical_group_ref idref="lg-bc"/>
         </contents>
      </split_section>
      <logical_group id="lg-4" display="no" color="cyan">
         <name>.cinit</name>
         <load_address>0x81138</load_address>
         <run_address>0x81138</run_address>
         <size>0x1a</size>
         <contents>
            <object_component_ref idref="oc-59"/>
            <object_component_ref idref="oc-77"/>
            <object_component_ref idref="oc-83"/>
         </contents>
      </logical_group>
      <logical_group id="lg-5" display="no" color="cyan">
         <name>.pinit</name>
         <run_address>0x0</run_address>
         <size>0x0</size>
         <contents>
         </contents>
      </logical_group>
      <logical_group id="lg-6" display="no" color="cyan">
         <name>.switch</name>
         <run_address>0x0</run_address>
         <size>0x0</size>
         <contents>
         </contents>
      </logical_group>
      <logical_group id="lg-7" display="no" color="cyan">
         <name>.reset</name>
         <load_address>0x3fffc0</load_address>
         <run_address>0x3fffc0</run_address>
         <size>0x2</size>
         <contents>
            <object_component_ref idref="oc-3f"/>
         </contents>
      </logical_group>
      <logical_group id="lg-8" display="no" color="cyan">
         <name>.cio</name>
         <run_address>0x0</run_address>
         <size>0x0</size>
         <contents>
         </contents>
      </logical_group>
      <logical_group id="lg-9" display="no" color="cyan">
         <name>.stack</name>
         <run_address>0x400</run_address>
         <size>0x100</size>
         <contents>
            <object_component_ref idref="oc-3e"/>
            <object_component_ref idref="oc-bb"/>
         </contents>
      </logical_group>
      <logical_group id="lg-a" display="no" color="cyan">
         <name>.ebss</name>
         <run_address>0xa800</run_address>
         <size>0x28</size>
         <contents>
            <object_component_ref idref="oc-13"/>
            <object_component_ref idref="oc-5a"/>
            <object_component_ref idref="oc-91"/>
            <object_component_ref idref="oc-76"/>
         </contents>
      </logical_group>
      <logical_group id="lg-b" display="no" color="cyan">
         <name>.esysmem</name>
         <run_address>0x0</run_address>
         <size>0x0</size>
         <contents>
         </contents>
      </logical_group>
      <logical_group id="lg-c" display="no" color="cyan">
         <name>.econst</name>
         <load_address>0x84000</load_address>
         <run_address>0x84000</run_address>
         <size>0x2bd</size>
         <contents>
            <object_component_ref idref="oc-25"/>
            <object_component_ref idref="oc-38"/>
            <object_component_ref idref="oc-2b"/>
            <object_component_ref idref="oc-31"/>
            <object_component_ref idref="oc-15"/>
            <object_component_ref idref="oc-1b"/>
         </contents>
      </logical_group>
      <logical_group id="lg-d" display="no" color="cyan">
         <name>ramgs0</name>
         <run_address>0x0</run_address>
         <size>0x0</size>
         <contents>
         </contents>
      </logical_group>
      <logical_group id="lg-e" display="no" color="cyan">
         <name>ramgs1</name>
         <run_address>0x0</run_address>
         <size>0x0</size>
         <contents>
         </contents>
      </logical_group>
      <logical_group id="lg-f" display="no" color="cyan">
         <name>.TI.ramfunc</name>
         <load_address>0x81000</load_address>
         <run_address>0x8000</run_address>
         <size>0x136</size>
         <contents>
            <object_component_ref idref="oc-7b"/>
            <object_component_ref idref="oc-89"/>
            <object_component_ref idref="oc-8d"/>
            <object_component_ref idref="oc-8a"/>
            <object_component_ref idref="oc-8b"/>
            <object_component_ref idref="oc-8c"/>
            <object_component_ref idref="oc-8e"/>
            <object_component_ref idref="oc-8f"/>
            <object_component_ref idref="oc-90"/>
            <object_component_ref idref="oc-37"/>
         </contents>
      </logical_group>
      <logical_group id="lg-af" display="never" color="cyan">
         <name>.debug_info</name>
         <load_address>0x0</load_address>
         <run_address>0x0</run_address>
         <size>0xd8c2</size>
         <contents>
            <object_component_ref idref="oc-12"/>
            <object_component_ref idref="oc-1a"/>
            <object_component_ref idref="oc-20"/>
            <object_component_ref idref="oc-24"/>
            <object_component_ref idref="oc-2a"/>
            <object_component_ref idref="oc-30"/>
            <object_component_ref idref="oc-36"/>
            <object_component_ref idref="oc-40"/>
            <object_component_ref idref="oc-44"/>
            <object_component_ref idref="oc-49"/>
            <object_component_ref idref="oc-4e"/>
            <object_component_ref idref="oc-53"/>
            <object_component_ref idref="oc-58"/>
            <object_component_ref idref="oc-5f"/>
            <object_component_ref idref="oc-64"/>
            <object_component_ref idref="oc-bd"/>
         </contents>
      </logical_group>
      <logical_group id="lg-b1" display="never" color="cyan">
         <name>.debug_frame</name>
         <load_address>0x0</load_address>
         <run_address>0x0</run_address>
         <size>0xe74</size>
         <contents>
            <object_component_ref idref="oc-16"/>
            <object_component_ref idref="oc-1c"/>
            <object_component_ref idref="oc-26"/>
            <object_component_ref idref="oc-2c"/>
            <object_component_ref idref="oc-32"/>
            <object_component_ref idref="oc-39"/>
            <object_component_ref idref="oc-45"/>
            <object_component_ref idref="oc-4a"/>
            <object_component_ref idref="oc-4f"/>
            <object_component_ref idref="oc-54"/>
            <object_component_ref idref="oc-5b"/>
            <object_component_ref idref="oc-60"/>
            <object_component_ref idref="oc-65"/>
         </contents>
      </logical_group>
      <logical_group id="lg-b3" display="never" color="cyan">
         <name>.debug_line</name>
         <load_address>0x0</load_address>
         <run_address>0x0</run_address>
         <size>0x152d</size>
         <contents>
            <object_component_ref idref="oc-17"/>
            <object_component_ref idref="oc-1d"/>
            <object_component_ref idref="oc-21"/>
            <object_component_ref idref="oc-27"/>
            <object_component_ref idref="oc-2d"/>
            <object_component_ref idref="oc-33"/>
            <object_component_ref idref="oc-3a"/>
            <object_component_ref idref="oc-41"/>
            <object_component_ref idref="oc-46"/>
            <object_component_ref idref="oc-4b"/>
            <object_component_ref idref="oc-50"/>
            <object_component_ref idref="oc-55"/>
            <object_component_ref idref="oc-5c"/>
            <object_component_ref idref="oc-61"/>
            <object_component_ref idref="oc-66"/>
         </contents>
      </logical_group>
      <logical_group id="lg-b5" display="never" color="cyan">
         <name>.debug_abbrev</name>
         <load_address>0x0</load_address>
         <run_address>0x0</run_address>
         <size>0xf96</size>
         <contents>
            <object_component_ref idref="oc-18"/>
            <object_component_ref idref="oc-1e"/>
            <object_component_ref idref="oc-22"/>
            <object_component_ref idref="oc-28"/>
            <object_component_ref idref="oc-2e"/>
            <object_component_ref idref="oc-34"/>
            <object_component_ref idref="oc-3b"/>
            <object_component_ref idref="oc-42"/>
            <object_component_ref idref="oc-47"/>
            <object_component_ref idref="oc-4c"/>
            <object_component_ref idref="oc-51"/>
            <object_component_ref idref="oc-56"/>
            <object_component_ref idref="oc-5d"/>
            <object_component_ref idref="oc-62"/>
            <object_component_ref idref="oc-67"/>
            <object_component_ref idref="oc-be"/>
         </contents>
      </logical_group>
      <logical_group id="lg-b7" display="never" color="cyan">
         <name>.debug_aranges</name>
         <load_address>0x0</load_address>
         <run_address>0x0</run_address>
         <size>0x438</size>
         <contents>
            <object_component_ref idref="oc-19"/>
            <object_component_ref idref="oc-1f"/>
            <object_component_ref idref="oc-23"/>
            <object_component_ref idref="oc-29"/>
            <object_component_ref idref="oc-2f"/>
            <object_component_ref idref="oc-35"/>
            <object_component_ref idref="oc-3c"/>
            <object_component_ref idref="oc-43"/>
            <object_component_ref idref="oc-48"/>
            <object_component_ref idref="oc-4d"/>
            <object_component_ref idref="oc-52"/>
            <object_component_ref idref="oc-57"/>
            <object_component_ref idref="oc-5e"/>
            <object_component_ref idref="oc-63"/>
            <object_component_ref idref="oc-68"/>
         </contents>
      </logical_group>
   </logical_group_list>
   <placement_map>
      <memory_area display="yes" color="green">
         <name>RAMM0</name>
         <page_id>0x0</page_id>
         <origin>0xf5</origin>
         <length>0x30b</length>
         <used_space>0x0</used_space>
         <unused_space>0x30b</unused_space>
         <attributes>RWIX</attributes>
         <usage_details>
         </usage_details>
      </memory_area>
      <memory_area display="yes" color="green">
         <name>RAMLS0</name>
         <page_id>0x0</page_id>
         <origin>0x8000</origin>
         <length>0x800</length>
         <used_space>0x136</used_space>
         <unused_space>0x6ca</unused_space>
         <attributes>RWIX</attributes>
         <usage_details>
            <allocated_space>
               <start_address>0x8000</start_address>
               <size>0x136</size>
               <logical_group_ref idref="lg-f"/>
            </allocated_space>
            <available_space>
               <start_address>0x8136</start_address>
               <size>0x6ca</size>
            </available_space>
         </usage_details>
      </memory_area>
      <memory_area display="yes" color="green">
         <name>RAMLS1</name>
         <page_id>0x0</page_id>
         <origin>0x8800</origin>
         <length>0x800</length>
         <used_space>0x0</used_space>
         <unused_space>0x800</unused_space>
         <attributes>RWIX</attributes>
         <usage_details>
         </usage_details>
      </memory_area>
      <memory_area display="yes" color="green">
         <name>RAMLS2</name>
         <page_id>0x0</page_id>
         <origin>0x9000</origin>
         <length>0x800</length>
         <used_space>0x0</used_space>
         <unused_space>0x800</unused_space>
         <attributes>RWIX</attributes>
         <usage_details>
         </usage_details>
      </memory_area>
      <memory_area display="yes" color="green">
         <name>RAMLS3</name>
         <page_id>0x0</page_id>
         <origin>0x9800</origin>
         <length>0x800</length>
         <used_space>0x0</used_space>
         <unused_space>0x800</unused_space>
         <attributes>RWIX</attributes>
         <usage_details>
         </usage_details>
      </memory_area>
      <memory_area display="yes" color="green">
         <name>RAMLS4</name>
         <page_id>0x0</page_id>
         <origin>0xa000</origin>
         <length>0x800</length>
         <used_space>0x0</used_space>
         <unused_space>0x800</unused_space>
         <attributes>RWIX</attributes>
         <usage_details>
         </usage_details>
      </memory_area>
      <memory_area display="no" color="green">
         <name>BEGIN</name>
         <page_id>0x0</page_id>
         <origin>0x80000</origin>
         <length>0x2</length>
         <used_space>0x2</used_space>
         <unused_space>0x0</unused_space>
         <attributes>RWIX</attributes>
         <usage_details>
            <allocated_space>
               <start_address>0x80000</start_address>
               <size>0x2</size>
               <logical_group_ref idref="lg-2"/>
            </allocated_space>
         </usage_details>
      </memory_area>
      <memory_area display="yes" color="green">
         <name>FLASH_BANK0_SEC0</name>
         <page_id>0x0</page_id>
         <origin>0x80002</origin>
         <length>0xffe</length>
         <used_space>0x0</used_space>
         <unused_space>0xffe</unused_space>
         <attributes>RWIX</attributes>
         <usage_details>
         </usage_details>
      </memory_area>
      <memory_area display="yes" color="green">
         <name>FLASH_BANK0_SEC1</name>
         <page_id>0x0</page_id>
         <origin>0x81000</origin>
         <length>0x1000</length>
         <used_space>0xed0</used_space>
         <unused_space>0x130</unused_space>
         <attributes>RWIX</attributes>
         <usage_details>
            <allocated_space>
               <start_address>0x81000</start_address>
               <size>0x136</size>
               <logical_group_ref idref="lg-f"/>
            </allocated_space>
            <available_space>
               <start_address>0x81136</start_address>
               <size>0x2</size>
            </available_space>
            <allocated_space>
               <start_address>0x81138</start_address>
               <size>0x1a</size>
               <logical_group_ref idref="lg-4"/>
            </allocated_space>
            <available_space>
               <start_address>0x81152</start_address>
               <size>0x2</size>
            </available_space>
            <allocated_space>
               <start_address>0x81154</start_address>
               <size>0xd80</size>
               <logical_group_ref idref="lg-bc"/>
            </allocated_space>
            <available_space>
               <start_address>0x81ed4</start_address>
               <size>0x12c</size>
            </available_space>
         </usage_details>
      </memory_area>
      <memory_area display="yes" color="green">
         <name>FLASH_BANK0_SEC2</name>
         <page_id>0x0</page_id>
         <origin>0x82000</origin>
         <length>0x1000</length>
         <used_space>0x0</used_space>
         <unused_space>0x1000</unused_space>
         <attributes>RWIX</attributes>
         <usage_details>
         </usage_details>
      </memory_area>
      <memory_area display="yes" color="green">
         <name>FLASH_BANK0_SEC3</name>
         <page_id>0x0</page_id>
         <origin>0x83000</origin>
         <length>0x1000</length>
         <used_space>0x0</used_space>
         <unused_space>0x1000</unused_space>
         <attributes>RWIX</attributes>
         <usage_details>
         </usage_details>
      </memory_area>
      <memory_area display="yes" color="green">
         <name>FLASH_BANK0_SEC4</name>
         <page_id>0x0</page_id>
         <origin>0x84000</origin>
         <length>0x1000</length>
         <used_space>0x2bd</used_space>
         <unused_space>0xd43</unused_space>
         <attributes>RWIX</attributes>
         <usage_details>
            <allocated_space>
               <start_address>0x84000</start_address>
               <size>0x2bd</size>
               <logical_group_ref idref="lg-c"/>
            </allocated_space>
            <available_space>
               <start_address>0x842bd</start_address>
               <size>0xd43</size>
            </available_space>
         </usage_details>
      </memory_area>
      <memory_area display="yes" color="green">
         <name>FLASH_BANK0_SEC5</name>
         <page_id>0x0</page_id>
         <origin>0x85000</origin>
         <length>0x1000</length>
         <used_space>0x0</used_space>
         <unused_space>0x1000</unused_space>
         <attributes>RWIX</attributes>
         <usage_details>
         </usage_details>
      </memory_area>
      <memory_area display="yes" color="green">
         <name>FLASH_BANK0_SEC6</name>
         <page_id>0x0</page_id>
         <origin>0x86000</origin>
         <length>0x1000</length>
         <used_space>0x0</used_space>
         <unused_space>0x1000</unused_space>
         <attributes>RWIX</attributes>
         <usage_details>
         </usage_details>
      </memory_area>
      <memory_area display="yes" color="green">
         <name>FLASH_BANK0_SEC7</name>
         <page_id>0x0</page_id>
         <origin>0x87000</origin>
         <length>0x1000</length>
         <used_space>0x0</used_space>
         <unused_space>0x1000</unused_space>
         <attributes>RWIX</attributes>
         <usage_details>
         </usage_details>
      </memory_area>
      <memory_area display="yes" color="green">
         <name>FLASH_BANK0_SEC8</name>
         <page_id>0x0</page_id>
         <origin>0x88000</origin>
         <length>0x1000</length>
         <used_space>0x0</used_space>
         <unused_space>0x1000</unused_space>
         <attributes>RWIX</attributes>
         <usage_details>
         </usage_details>
      </memory_area>
      <memory_area display="yes" color="green">
         <name>FLASH_BANK0_SEC9</name>
         <page_id>0x0</page_id>
         <origin>0x89000</origin>
         <length>0x1000</length>
         <used_space>0x0</used_space>
         <unused_space>0x1000</unused_space>
         <attributes>RWIX</attributes>
         <usage_details>
         </usage_details>
      </memory_area>
      <memory_area display="yes" color="green">
         <name>FLASH_BANK0_SEC10</name>
         <page_id>0x0</page_id>
         <origin>0x8a000</origin>
         <length>0x1000</length>
         <used_space>0x0</used_space>
         <unused_space>0x1000</unused_space>
         <attributes>RWIX</attributes>
         <usage_details>
         </usage_details>
      </memory_area>
      <memory_area display="yes" color="green">
         <name>FLASH_BANK0_SEC11</name>
         <page_id>0x0</page_id>
         <origin>0x8b000</origin>
         <length>0x1000</length>
         <used_space>0x0</used_space>
         <unused_space>0x1000</unused_space>
         <attributes>RWIX</attributes>
         <usage_details>
         </usage_details>
      </memory_area>
      <memory_area display="yes" color="green">
         <name>FLASH_BANK0_SEC12</name>
         <page_id>0x0</page_id>
         <origin>0x8c000</origin>
         <length>0x1000</length>
         <used_space>0x0</used_space>
         <unused_space>0x1000</unused_space>
         <attributes>RWIX</attributes>
         <usage_details>
         </usage_details>
      </memory_area>
      <memory_area display="yes" color="green">
         <name>FLASH_BANK0_SEC13</name>
         <page_id>0x0</page_id>
         <origin>0x8d000</origin>
         <length>0x1000</length>
         <used_space>0x0</used_space>
         <unused_space>0x1000</unused_space>
         <attributes>RWIX</attributes>
         <usage_details>
         </usage_details>
      </memory_area>
      <memory_area display="yes" color="green">
         <name>FLASH_BANK0_SEC14</name>
         <page_id>0x0</page_id>
         <origin>0x8e000</origin>
         <length>0x1000</length>
         <used_space>0x0</used_space>
         <unused_space>0x1000</unused_space>
         <attributes>RWIX</attributes>
         <usage_details>
         </usage_details>
      </memory_area>
      <memory_area display="yes" color="green">
         <name>FLASH_BANK0_SEC15</name>
         <page_id>0x0</page_id>
         <origin>0x8f000</origin>
         <length>0x1000</length>
         <used_space>0x0</used_space>
         <unused_space>0x1000</unused_space>
         <attributes>RWIX</attributes>
         <usage_details>
         </usage_details>
      </memory_area>
      <memory_area display="yes" color="green">
         <name>FLASH_BANK1_SEC0</name>
         <page_id>0x0</page_id>
         <origin>0x90000</origin>
         <length>0x1000</length>
         <used_space>0x0</used_space>
         <unused_space>0x1000</unused_space>
         <attributes>RWIX</attributes>
         <usage_details>
         </usage_details>
      </memory_area>
      <memory_area display="yes" color="green">
         <name>FLASH_BANK1_SEC1</name>
         <page_id>0x0</page_id>
         <origin>0x91000</origin>
         <length>0x1000</length>
         <used_space>0x0</used_space>
         <unused_space>0x1000</unused_space>
         <attributes>RWIX</attributes>
         <usage_details>
         </usage_details>
      </memory_area>
      <memory_area display="yes" color="green">
         <name>FLASH_BANK1_SEC2</name>
         <page_id>0x0</page_id>
         <origin>0x92000</origin>
         <length>0x1000</length>
         <used_space>0x0</used_space>
         <unused_space>0x1000</unused_space>
         <attributes>RWIX</attributes>
         <usage_details>
         </usage_details>
      </memory_area>
      <memory_area display="yes" color="green">
         <name>FLASH_BANK1_SEC3</name>
         <page_id>0x0</page_id>
         <origin>0x93000</origin>
         <length>0x1000</length>
         <used_space>0x0</used_space>
         <unused_space>0x1000</unused_space>
         <attributes>RWIX</attributes>
         <usage_details>
         </usage_details>
      </memory_area>
      <memory_area display="yes" color="green">
         <name>FLASH_BANK1_SEC4</name>
         <page_id>0x0</page_id>
         <origin>0x94000</origin>
         <length>0x1000</length>
         <used_space>0x0</used_space>
         <unused_space>0x1000</unused_space>
         <attributes>RWIX</attributes>
         <usage_details>
         </usage_details>
      </memory_area>
      <memory_area display="yes" color="green">
         <name>FLASH_BANK1_SEC5</name>
         <page_id>0x0</page_id>
         <origin>0x95000</origin>
         <length>0x1000</length>
         <used_space>0x0</used_space>
         <unused_space>0x1000</unused_space>
         <attributes>RWIX</attributes>
         <usage_details>
         </usage_details>
      </memory_area>
      <memory_area display="yes" color="green">
         <name>FLASH_BANK1_SEC6</name>
         <page_id>0x0</page_id>
         <origin>0x96000</origin>
         <length>0x1000</length>
         <used_space>0x0</used_space>
         <unused_space>0x1000</unused_space>
         <attributes>RWIX</attributes>
         <usage_details>
         </usage_details>
      </memory_area>
      <memory_area display="yes" color="green">
         <name>FLASH_BANK1_SEC7</name>
         <page_id>0x0</page_id>
         <origin>0x97000</origin>
         <length>0x1000</length>
         <used_space>0x0</used_space>
         <unused_space>0x1000</unused_space>
         <attributes>RWIX</attributes>
         <usage_details>
         </usage_details>
      </memory_area>
      <memory_area display="yes" color="green">
         <name>FLASH_BANK1_SEC8</name>
         <page_id>0x0</page_id>
         <origin>0x98000</origin>
         <length>0x1000</length>
         <used_space>0x0</used_space>
         <unused_space>0x1000</unused_space>
         <attributes>RWIX</attributes>
         <usage_details>
         </usage_details>
      </memory_area>
      <memory_area display="yes" color="green">
         <name>FLASH_BANK1_SEC9</name>
         <page_id>0x0</page_id>
         <origin>0x99000</origin>
         <length>0x1000</length>
         <used_space>0x0</used_space>
         <unused_space>0x1000</unused_space>
         <attributes>RWIX</attributes>
         <usage_details>
         </usage_details>
      </memory_area>
      <memory_area display="yes" color="green">
         <name>FLASH_BANK1_SEC10</name>
         <page_id>0x0</page_id>
         <origin>0x9a000</origin>
         <length>0x1000</length>
         <used_space>0x0</used_space>
         <unused_space>0x1000</unused_space>
         <attributes>RWIX</attributes>
         <usage_details>
         </usage_details>
      </memory_area>
      <memory_area display="yes" color="green">
         <name>FLASH_BANK1_SEC11</name>
         <page_id>0x0</page_id>
         <origin>0x9b000</origin>
         <length>0x1000</length>
         <used_space>0x0</used_space>
         <unused_space>0x1000</unused_space>
         <attributes>RWIX</attributes>
         <usage_details>
         </usage_details>
      </memory_area>
      <memory_area display="yes" color="green">
         <name>FLASH_BANK1_SEC12</name>
         <page_id>0x0</page_id>
         <origin>0x9c000</origin>
         <length>0x1000</length>
         <used_space>0x0</used_space>
         <unused_space>0x1000</unused_space>
         <attributes>RWIX</attributes>
         <usage_details>
         </usage_details>
      </memory_area>
      <memory_area display="yes" color="green">
         <name>FLASH_BANK1_SEC13</name>
         <page_id>0x0</page_id>
         <origin>0x9d000</origin>
         <length>0x1000</length>
         <used_space>0x0</used_space>
         <unused_space>0x1000</unused_space>
         <attributes>RWIX</attributes>
         <usage_details>
         </usage_details>
      </memory_area>
      <memory_area display="yes" color="green">
         <name>FLASH_BANK1_SEC14</name>
         <page_id>0x0</page_id>
         <origin>0x9e000</origin>
         <length>0x1000</length>
         <used_space>0x0</used_space>
         <unused_space>0x1000</unused_space>
         <attributes>RWIX</attributes>
         <usage_details>
         </usage_details>
      </memory_area>
      <memory_area display="yes" color="green">
         <name>FLASH_BANK1_SEC15</name>
         <page_id>0x0</page_id>
         <origin>0x9f000</origin>
         <length>0x1000</length>
         <used_space>0x0</used_space>
         <unused_space>0x1000</unused_space>
         <attributes>RWIX</attributes>
         <usage_details>
         </usage_details>
      </memory_area>
      <memory_area display="no" color="green">
         <name>RESET</name>
         <page_id>0x0</page_id>
         <origin>0x3fffc0</origin>
         <length>0x2</length>
         <used_space>0x0</used_space>
         <unused_space>0x2</unused_space>
         <attributes>RWIX</attributes>
         <usage_details>
         </usage_details>
      </memory_area>
      <memory_area display="yes" color="green">
         <name>BOOT_RSVD</name>
         <page_id>0x1</page_id>
         <origin>0x2</origin>
         <length>0xf3</length>
         <used_space>0x0</used_space>
         <unused_space>0xf3</unused_space>
         <attributes>RWIX</attributes>
         <usage_details>
         </usage_details>
      </memory_area>
      <memory_area display="yes" color="green">
         <name>RAMM1</name>
         <page_id>0x1</page_id>
         <origin>0x400</origin>
         <length>0x400</length>
         <used_space>0x100</used_space>
         <unused_space>0x300</unused_space>
         <attributes>RWIX</attributes>
         <usage_details>
            <allocated_space>
               <start_address>0x400</start_address>
               <size>0x100</size>
               <logical_group_ref idref="lg-9"/>
            </allocated_space>
            <available_space>
               <start_address>0x500</start_address>
               <size>0x300</size>
            </available_space>
         </usage_details>
      </memory_area>
      <memory_area display="yes" color="green">
         <name>RAMLS5</name>
         <page_id>0x1</page_id>
         <origin>0xa800</origin>
         <length>0x800</length>
         <used_space>0x28</used_space>
         <unused_space>0x7d8</unused_space>
         <attributes>RWIX</attributes>
         <usage_details>
            <allocated_space>
               <start_address>0xa800</start_address>
               <size>0x28</size>
               <logical_group_ref idref="lg-a"/>
            </allocated_space>
            <available_space>
               <start_address>0xa828</start_address>
               <size>0x7d8</size>
            </available_space>
         </usage_details>
      </memory_area>
      <memory_area display="yes" color="green">
         <name>RAMLS6</name>
         <page_id>0x1</page_id>
         <origin>0xb000</origin>
         <length>0x800</length>
         <used_space>0x0</used_space>
         <unused_space>0x800</unused_space>
         <attributes>RWIX</attributes>
         <usage_details>
         </usage_details>
      </memory_area>
      <memory_area display="yes" color="green">
         <name>RAMLS7</name>
         <page_id>0x1</page_id>
         <origin>0xb800</origin>
         <length>0x800</length>
         <used_space>0x0</used_space>
         <unused_space>0x800</unused_space>
         <attributes>RWIX</attributes>
         <usage_details>
         </usage_details>
      </memory_area>
      <memory_area display="yes" color="green">
         <name>RAMGS0</name>
         <page_id>0x1</page_id>
         <origin>0xc000</origin>
         <length>0x2000</length>
         <used_space>0x0</used_space>
         <unused_space>0x2000</unused_space>
         <attributes>RWIX</attributes>
         <usage_details>
         </usage_details>
      </memory_area>
      <memory_area display="yes" color="green">
         <name>RAMGS1</name>
         <page_id>0x1</page_id>
         <origin>0xe000</origin>
         <length>0x2000</length>
         <used_space>0x0</used_space>
         <unused_space>0x2000</unused_space>
         <attributes>RWIX</attributes>
         <usage_details>
         </usage_details>
      </memory_area>
      <memory_area display="yes" color="green">
         <name>RAMGS2</name>
         <page_id>0x1</page_id>
         <origin>0x10000</origin>
         <length>0x2000</length>
         <used_space>0x0</used_space>
         <unused_space>0x2000</unused_space>
         <attributes>RWIX</attributes>
         <usage_details>
         </usage_details>
      </memory_area>
      <memory_area display="yes" color="green">
         <name>RAMGS3</name>
         <page_id>0x1</page_id>
         <origin>0x12000</origin>
         <length>0x2000</length>
         <used_space>0x0</used_space>
         <unused_space>0x2000</unused_space>
         <attributes>RWIX</attributes>
         <usage_details>
         </usage_details>
      </memory_area>
   </placement_map>
   <symbol_table>
      <symbol id="sm-0">
         <name>_RamfuncsLoadStart</name>
         <value>0x81000</value>
      </symbol>
      <symbol id="sm-1">
         <name>_RamfuncsLoadSize</name>
         <value>0x136</value>
      </symbol>
      <symbol id="sm-2">
         <name>_RamfuncsLoadEnd</name>
         <value>0x81136</value>
      </symbol>
      <symbol id="sm-3">
         <name>_RamfuncsRunStart</name>
         <value>0x8000</value>
      </symbol>
      <symbol id="sm-4">
         <name>_RamfuncsRunSize</name>
         <value>0x136</value>
      </symbol>
      <symbol id="sm-5">
         <name>_RamfuncsRunEnd</name>
         <value>0x8136</value>
      </symbol>
      <symbol id="sm-6">
         <name>cinit</name>
         <value>0x81138</value>
      </symbol>
      <symbol id="sm-7">
         <name>___cinit__</name>
         <value>0x81138</value>
      </symbol>
      <symbol id="sm-8">
         <name>pinit</name>
         <value>0xffffffff</value>
      </symbol>
      <symbol id="sm-9">
         <name>___pinit__</name>
         <value>0xffffffff</value>
      </symbol>
      <symbol id="sm-a">
         <name>binit</name>
         <value>0xffffffff</value>
      </symbol>
      <symbol id="sm-b">
         <name>___binit__</name>
         <value>0xffffffff</value>
      </symbol>
      <symbol id="sm-c">
         <name>__STACK_SIZE</name>
         <value>0x100</value>
      </symbol>
      <symbol id="sm-d">
         <name>__STACK_END</name>
         <value>0x500</value>
      </symbol>
      <symbol id="sm-e">
         <name>___c_args__</name>
         <value>0xffffffff</value>
      </symbol>
      <symbol id="sm-f">
         <name>.text</name>
         <value>0xffffffff</value>
      </symbol>
      <symbol id="sm-10">
         <name>___text__</name>
         <value>0xffffffff</value>
      </symbol>
      <symbol id="sm-11">
         <name>etext</name>
         <value>0xffffffff</value>
      </symbol>
      <symbol id="sm-12">
         <name>___etext__</name>
         <value>0xffffffff</value>
      </symbol>
      <symbol id="sm-13">
         <name>___TI_pprof_out_hndl</name>
         <value>0xffffffff</value>
      </symbol>
      <symbol id="sm-14">
         <name>___TI_prof_data_start</name>
         <value>0xffffffff</value>
      </symbol>
      <symbol id="sm-15">
         <name>___TI_prof_data_size</name>
         <value>0xffffffff</value>
      </symbol>
      <symbol id="sm-8e">
         <name>_main</name>
         <value>0x813bf</value>
         <object_component_ref idref="oc-69"/>
      </symbol>
      <symbol id="sm-8f">
         <name>_epwm3ISR</name>
         <value>0x81981</value>
         <object_component_ref idref="oc-14"/>
      </symbol>
      <symbol id="sm-90">
         <name>_epwm2Info</name>
         <value>0xa800</value>
         <object_component_ref idref="oc-13"/>
      </symbol>
      <symbol id="sm-91">
         <name>_epwm3Info</name>
         <value>0xa80a</value>
         <object_component_ref idref="oc-13"/>
      </symbol>
      <symbol id="sm-92">
         <name>_epwm2ISR</name>
         <value>0x8194a</value>
         <object_component_ref idref="oc-14"/>
      </symbol>
      <symbol id="sm-93">
         <name>_epwm1Info</name>
         <value>0xa814</value>
         <object_component_ref idref="oc-13"/>
      </symbol>
      <symbol id="sm-94">
         <name>_updateCompare</name>
         <value>0x815da</value>
         <object_component_ref idref="oc-69"/>
      </symbol>
      <symbol id="sm-95">
         <name>_epwm1ISR</name>
         <value>0x81913</value>
         <object_component_ref idref="oc-14"/>
      </symbol>
      <symbol id="sm-96">
         <name>_initEPWM1</name>
         <value>0x8143a</value>
         <object_component_ref idref="oc-69"/>
      </symbol>
      <symbol id="sm-97">
         <name>_initEPWM2</name>
         <value>0x814c5</value>
         <object_component_ref idref="oc-69"/>
      </symbol>
      <symbol id="sm-98">
         <name>_initEPWM3</name>
         <value>0x8154f</value>
         <object_component_ref idref="oc-69"/>
      </symbol>
      <symbol id="sm-ad">
         <name>_Device_initGPIO</name>
         <value>0x817a2</value>
         <object_component_ref idref="oc-6f"/>
      </symbol>
      <symbol id="sm-ae">
         <name>___error__</name>
         <value>0x817b2</value>
         <object_component_ref idref="oc-6f"/>
      </symbol>
      <symbol id="sm-af">
         <name>_Device_init</name>
         <value>0x8168d</value>
         <object_component_ref idref="oc-6f"/>
      </symbol>
      <symbol id="sm-b0">
         <name>_Device_enableAllPeripherals</name>
         <value>0x816d4</value>
         <object_component_ref idref="oc-6f"/>
      </symbol>
      <symbol id="sm-bd">
         <name>code_start</name>
         <value>0x80000</value>
         <object_component_ref idref="oc-11"/>
      </symbol>
      <symbol id="sm-fc">
         <name>_Flash_initModule</name>
         <value>0x8000</value>
         <object_component_ref idref="oc-7b"/>
      </symbol>
      <symbol id="sm-11c">
         <name>_GPIO_setPinConfig</name>
         <value>0x81bd6</value>
         <object_component_ref idref="oc-73"/>
      </symbol>
      <symbol id="sm-11d">
         <name>_GPIO_setPadConfig</name>
         <value>0x81b84</value>
         <object_component_ref idref="oc-72"/>
      </symbol>
      <symbol id="sm-14f">
         <name>_Interrupt_enable</name>
         <value>0x81c13</value>
         <object_component_ref idref="oc-74"/>
      </symbol>
      <symbol id="sm-150">
         <name>_Interrupt_initVectorTable</name>
         <value>0x81cfe</value>
         <object_component_ref idref="oc-71"/>
      </symbol>
      <symbol id="sm-151">
         <name>_Interrupt_initModule</name>
         <value>0x81b30</value>
         <object_component_ref idref="oc-70"/>
      </symbol>
      <symbol id="sm-1e7">
         <name>_SysCtl_selectXTALSingleEnded</name>
         <value>0x81d91</value>
         <object_component_ref idref="oc-93"/>
      </symbol>
      <symbol id="sm-1e8">
         <name>_SysCtl_selectXTAL</name>
         <value>0x81c94</value>
         <object_component_ref idref="oc-92"/>
      </symbol>
      <symbol id="sm-1e9">
         <name>_SysCtl_delay</name>
         <value>0x8132</value>
         <object_component_ref idref="oc-37"/>
      </symbol>
      <symbol id="sm-1ea">
         <name>_SysCtl_selectOscSource</name>
         <value>0x81a84</value>
         <object_component_ref idref="oc-85"/>
      </symbol>
      <symbol id="sm-1eb">
         <name>_SysCtl_isPLLValid</name>
         <value>0x8186c</value>
         <object_component_ref idref="oc-86"/>
      </symbol>
      <symbol id="sm-1ec">
         <name>_SysCtl_setClock</name>
         <value>0x817b9</value>
         <object_component_ref idref="oc-78"/>
      </symbol>
      <symbol id="sm-1ed">
         <name>_SysCtl_getLowSpeedClock</name>
         <value>0x81d77</value>
         <object_component_ref idref="oc-7a"/>
      </symbol>
      <symbol id="sm-1ee">
         <name>_SysCtl_getClock</name>
         <value>0x819b8</value>
         <object_component_ref idref="oc-79"/>
      </symbol>
      <symbol id="sm-209">
         <name>_c_int00</name>
         <value>0x81ada</value>
         <object_component_ref idref="oc-3d"/>
      </symbol>
      <symbol id="sm-20a">
         <name>__stack</name>
         <value>0x400</value>
         <object_component_ref idref="oc-3e"/>
      </symbol>
      <symbol id="sm-219">
         <name>_copy_in</name>
         <value>0x81cb8</value>
         <object_component_ref idref="oc-6b"/>
      </symbol>
      <symbol id="sm-22a">
         <name>_memcpy</name>
         <value>0x81d5a</value>
         <object_component_ref idref="oc-75"/>
      </symbol>
      <symbol id="sm-236">
         <name>__system_pre_init</name>
         <value>0x81ed1</value>
         <object_component_ref idref="oc-6a"/>
      </symbol>
      <symbol id="sm-243">
         <name>__system_post_cinit</name>
         <value>0x81ed3</value>
         <object_component_ref idref="oc-6c"/>
      </symbol>
      <symbol id="sm-257">
         <name>C$$EXIT</name>
         <value>0x81c46</value>
         <object_component_ref idref="oc-6e"/>
      </symbol>
      <symbol id="sm-258">
         <name>_exit</name>
         <value>0x81c48</value>
         <object_component_ref idref="oc-6e"/>
      </symbol>
      <symbol id="sm-259">
         <name>___TI_cleanup_ptr</name>
         <value>0xa820</value>
         <object_component_ref idref="oc-5a"/>
      </symbol>
      <symbol id="sm-25a">
         <name>___TI_enable_exit_profile_output</name>
         <value>0xa81e</value>
         <object_component_ref idref="oc-5a"/>
      </symbol>
      <symbol id="sm-25b">
         <name>_abort</name>
         <value>0x81c46</value>
         <object_component_ref idref="oc-6e"/>
      </symbol>
      <symbol id="sm-25c">
         <name>___TI_dtors_ptr</name>
         <value>0xa822</value>
         <object_component_ref idref="oc-5a"/>
      </symbol>
      <symbol id="sm-270">
         <name>__unlock</name>
         <value>0xa826</value>
         <object_component_ref idref="oc-91"/>
      </symbol>
      <symbol id="sm-271">
         <name>__lock</name>
         <value>0xa824</value>
         <object_component_ref idref="oc-76"/>
      </symbol>
      <symbol id="sm-272">
         <name>__register_lock</name>
         <value>0x81ec1</value>
         <object_component_ref idref="oc-82"/>
      </symbol>
      <symbol id="sm-273">
         <name>__nop</name>
         <value>0x81ec5</value>
         <object_component_ref idref="oc-82"/>
      </symbol>
      <symbol id="sm-274">
         <name>__register_unlock</name>
         <value>0x81ebd</value>
         <object_component_ref idref="oc-82"/>
      </symbol>
      <symbol id="sm-283">
         <name>__args_main</name>
         <value>0x81dab</value>
         <object_component_ref idref="oc-6d"/>
      </symbol>
   </symbol_table>
   <title>Link successful</title>
</link_info>
