******************************************************************************
             TMS320C2000 Linker PC v18.1.3                     
******************************************************************************
>> Linked Tue Mar 12 00:29:02 2019

OUTPUT FILE NAME:   <pwm5a5b_on_launchpad.out>
ENTRY POINT SYMBOL: "code_start"  address: 00000000


MEMORY CONFIGURATION

         name            origin    length      used     unused   attr    fill
----------------------  --------  ---------  --------  --------  ----  --------
PAGE 0:
  BEGIN                 00000000   00000002  00000002  00000000  RWIX
  RAMM0                 000000f5   0000030b  0000030b  00000000  RWIX
  RAMLS0                00008000   00000800  000007ff  00000001  RWIX
  RAMLS1                00008800   00000800  000007b4  0000004c  RWIX
  RAMLS2                00009000   00000800  00000000  00000800  RWIX
  RAMLS3                00009800   00000800  00000000  00000800  RWIX
  RAMLS4                0000a000   00000800  00000000  00000800  RWIX
  RESET                 003fffc0   00000002  00000000  00000002  RWIX

PAGE 1:
  BOOT_RSVD             00000002   000000f3  00000000  000000f3  RWIX
  RAMM1                 00000400   00000400  00000100  00000300  RWIX
  RAMLS5                0000a800   00000800  000004c3  0000033d  RWIX
  RAMLS6                0000b000   00000800  00000000  00000800  RWIX
  RAMLS7                0000b800   00000800  00000000  00000800  RWIX
  RAMGS0                0000c000   00002000  00000000  00002000  RWIX
  RAMGS1                0000e000   00002000  00000000  00002000  RWIX
  RAMGS2                00010000   00002000  00000000  00002000  RWIX
  RAMGS3                00012000   00002000  00000000  00002000  RWIX


SECTION ALLOCATION MAP

 output                                  attributes/
section   page    origin      length       input sections
--------  ----  ----------  ----------   ----------------
codestart 
*          0    00000000    00000002     
                  00000000    00000002     f28004x_codestartbranch.obj (codestart)

.TI.ramfunc 
*          0    000000f5    00000136     
                  000000f5    00000044     driverlib.lib : flash.obj (.TI.ramfunc:_Flash_initModule)
                  00000139    00000032                   : flash.obj (.TI.ramfunc:_Flash_setBankPowerMode)
                  0000016b    00000026                   : flash.obj (.TI.ramfunc:_Flash_setWaitstates)
                  00000191    0000001f                   : flash.obj (.TI.ramfunc:_Flash_setPumpPowerMode)
                  000001b0    00000018                   : flash.obj (.TI.ramfunc:_Flash_disableCache)
                  000001c8    00000018                   : flash.obj (.TI.ramfunc:_Flash_disablePrefetch)
                  000001e0    00000018                   : flash.obj (.TI.ramfunc:_Flash_enableCache)
                  000001f8    00000018                   : flash.obj (.TI.ramfunc:_Flash_enablePrefetch)
                  00000210    00000017                   : flash.obj (.TI.ramfunc:_Flash_enableECC)
                  00000227    00000004                   : sysctl.obj (.TI.ramfunc)

.cinit     0    0000022b    0000001a     
                  0000022b    0000000e     rts2800_fpu32.lib : exit.c.obj (.cinit)
                  00000239    00000005                       : _lock.c.obj (.cinit:__lock)
                  0000023e    00000005                       : _lock.c.obj (.cinit:__unlock)
                  00000243    00000002     --HOLE-- [fill = 0]

.pinit     0    000000f5    00000000     UNINITIALIZED

.reset     0    003fffc0    00000002     DSECT
                  003fffc0    00000002     rts2800_fpu32.lib : boot28.asm.obj (.reset)

.stack     1    00000400    00000100     UNINITIALIZED
                  00000400    00000100     --HOLE--

.econst    1    0000a800    0000049b     
                  0000a800    00000175     pwm5a5b_on_launchpad.obj (.econst:.string)
                  0000a975    00000001     --HOLE-- [fill = 0]
                  0000a976    000000af     driverlib.lib : flash.obj (.econst:.string)
                  0000aa25    00000001     --HOLE-- [fill = 0]
                  0000aa26    000000ae                   : sysctl.obj (.econst:.string)
                  0000aad4    000000ac                   : gpio.obj (.econst:.string)
                  0000ab80    000000ab                   : sci.obj (.econst:.string)
                  0000ac2b    00000001     --HOLE-- [fill = 0]
                  0000ac2c    0000005b                   : interrupt.obj (.econst:.string)
                  0000ac87    00000001     --HOLE-- [fill = 0]
                  0000ac88    00000013     device.obj (.econst:.string)

.ebss      1    0000ac9c    00000028     UNINITIALIZED
                  0000ac9c    0000001e     pwm5a5b_on_launchpad.obj (.ebss)
                  0000acba    00000006     rts2800_fpu32.lib : exit.c.obj (.ebss)
                  0000acc0    00000002                       : _lock.c.obj (.ebss:__lock)
                  0000acc2    00000002                       : _lock.c.obj (.ebss:__unlock)

.text.1    0    00000245    000001bb     
                  00000245    00000164     device.obj (.text)
                  000003a9    00000056     driverlib.lib : sysctl.obj (.text:_SysCtl_selectOscSource)
                  000003ff    00000001     rts2800_fpu32.lib : startup.c.obj (.text)

.text.2    0    00008000    000007ff     
                  00008000    000006da     pwm5a5b_on_launchpad.obj (.text)
                  000086da    000000b3     driverlib.lib : sysctl.obj (.text:_SysCtl_setClock)
                  0000878d    0000006e                   : sysctl.obj (.text:_SysCtl_getClock)
                  000087fb    00000002                   : interrupt.obj (.text:_Interrupt_illegalOperationHandler)
                  000087fd    00000002                   : interrupt.obj (.text:_Interrupt_nmiHandler)

.text.3    0    00008800    000007b4     
                  00008800    000000a7     driverlib.lib : sysctl.obj (.text:_SysCtl_isPLLValid)
                  000088a7    000000a5     pwm5a5b_on_launchpad.obj (.text:retain)
                  0000894c    0000005e     driverlib.lib : sysctl.obj (.text:_DCC_setCounterSeeds)
                  000089aa    00000056     rts2800_fpu32.lib : boot28.asm.obj (.text)
                  00008a00    00000054     driverlib.lib : interrupt.obj (.text:_Interrupt_initModule)
                  00008a54    00000052                   : gpio.obj (.text:_GPIO_setPadConfig)
                  00008aa6    00000046                   : sci.obj (.text:_SCI_clearInterruptStatus)
                  00008aec    00000041                   : sci.obj (.text:_SCI_writeCharArray)
                  00008b2d    00000040                   : sci.obj (.text:_SCI_setConfig)
                  00008b6d    0000003d                   : gpio.obj (.text:_GPIO_setPinConfig)
                  00008baa    00000038                   : gpio.obj (.text:_GPIO_setMasterCore)
                  00008be2    00000038                   : gpio.obj (.text:_GPIO_setQualificationMode)
                  00008c1a    00000033                   : interrupt.obj (.text:_Interrupt_enable)
                  00008c4d    00000031                   : gpio.obj (.text:_GPIO_setDirectionMode)
                  00008c7e    00000029     rts2800_fpu32.lib : exit.c.obj (.text)
                  00008ca7    00000025     driverlib.lib : sysctl.obj (.text:_DCC_enableSingleShotMode)
                  00008ccc    00000024                   : sysctl.obj (.text:_SysCtl_selectXTAL)
                  00008cf0    00000024     rts2800_fpu32.lib : cpy_tbl.c.obj (.text)
                  00008d14    00000022     driverlib.lib : sci.obj (.text:_SCI_isFIFOEnabled)
                  00008d36    00000022                   : sysctl.obj (.text:_SysCtl_pollX1Counter)
                  00008d58    00000020                   : interrupt.obj (.text:_Interrupt_initVectorTable)
                  00008d78    0000001f                   : sysctl.obj (.text:_DCC_setCounter1ClkSource)
                  00008d97    0000001d                   : sysctl.obj (.text:_DCC_setCounter0ClkSource)
                  00008db4    0000001d     rts2800_fpu32.lib : memcpy.c.obj (.text)
                  00008dd1    0000001b     driverlib.lib : sci.obj (.text:_SCI_isSpaceAvailableNonFIFO)
                  00008dec    0000001a                   : sysctl.obj (.text:_SysCtl_getLowSpeedClock)
                  00008e06    0000001a                   : sysctl.obj (.text:_SysCtl_selectXTALSingleEnded)
                  00008e20    00000019                   : sci.obj (.text:_SCI_disableModule)
                  00008e39    00000019                   : sci.obj (.text:_SCI_performSoftwareReset)
                  00008e52    00000019     rts2800_fpu32.lib : args_main.c.obj (.text)
                  00008e6b    00000017     driverlib.lib : sysctl.obj (.text:_DCC_enableDoneSignal)
                  00008e82    00000017                   : sysctl.obj (.text:_SysCtl_enablePeripheral)
                  00008e99    00000016                   : sysctl.obj (.text:_DCC_disableErrorSignal)
                  00008eaf    00000016                   : sysctl.obj (.text:_DCC_enableErrorSignal)
                  00008ec5    00000015                   : sci.obj (.text:_SCI_getTxFIFOStatus)
                  00008eda    00000015                   : sci.obj (.text:_SCI_isBaseValid)
                  00008eef    00000014                   : sysctl.obj (.text:_DCC_disableModule)
                  00008f03    00000014                   : sysctl.obj (.text:_DCC_enableModule)
                  00008f17    00000014                   : gpio.obj (.text:_GPIO_isPinValid)
                  00008f2b    00000014                   : sci.obj (.text:_SCI_enableModule)
                  00008f3f    00000010                   : sysctl.obj (.text:_DCC_isBaseValid)
                  00008f4f    00000010                   : flash.obj (.text:_Flash_isCtrlBaseValid)
                  00008f5f    00000010                   : flash.obj (.text:_Flash_isECCBaseValid)
                  00008f6f    0000000e                   : interrupt.obj (.text:_Interrupt_defaultHandler)
                  00008f7d    0000000d                   : interrupt.obj (.text:_Interrupt_disableMaster)
                  00008f8a    0000000d                   : interrupt.obj (.text:_Interrupt_enableMaster)
                  00008f97    0000000b                   : sysctl.obj (.text:_SysCtl_isMCDClockFailureDetected)
                  00008fa2    00000009     rts2800_fpu32.lib : _lock.c.obj (.text)
                  00008fab    00000007     driverlib.lib : sysctl.obj (.text:_SysCtl_resetMCD)
                  00008fb2    00000002     rts2800_fpu32.lib : pre_init.c.obj (.text)

MODULE SUMMARY

       Module                        code   initialized data   uninitialized data
       ------                        ----   ----------------   ------------------
    .\
       pwm5a5b_on_launchpad.obj      1919   373                30                
    +--+-----------------------------+------+------------------+--------------------+
       Total:                        1919   373                30                
                                                                                 
    .\device\
       device.obj                    356    19                 0                 
       f28004x_codestartbranch.obj   2      0                  0                 
    +--+-----------------------------+------+------------------+--------------------+
       Total:                        358    19                 0                 
                                                                                 
    ../driverlib.lib
       sysctl.obj                    1023   174                0                 
       sci.obj                       372    171                0                 
       flash.obj                     338    175                0                 
       gpio.obj                      324    172                0                 
       interrupt.obj                 211    91                 0                 
    +--+-----------------------------+------+------------------+--------------------+
       Total:                        2268   783                0                 
                                                                                 
    C:\ti\ccsv8\tools\compiler\ti-cgt-c2000_18.1.3.LTS\lib\rts2800_fpu32.lib
       boot28.asm.obj                86     0                  0                 
       exit.c.obj                    41     14                 6                 
       cpy_tbl.c.obj                 36     0                  0                 
       memcpy.c.obj                  29     0                  0                 
       args_main.c.obj               25     0                  0                 
       _lock.c.obj                   9      10                 4                 
       pre_init.c.obj                2      0                  0                 
       startup.c.obj                 1      0                  0                 
    +--+-----------------------------+------+------------------+--------------------+
       Total:                        229    24                 10                
                                                                                 
       Stack:                        0      0                  256               
    +--+-----------------------------+------+------------------+--------------------+
       Grand Total:                  4774   1199               296               


GLOBAL DATA SYMBOLS: SORTED BY DATA PAGE

address     data page           name
--------    ----------------    ----
00000400      10 (00000400)     __stack

0000ac9c     2b2 (0000ac80)     _epwm2Info
0000aca6     2b2 (0000ac80)     _epwm1Info
0000acb0     2b2 (0000ac80)     _epwm5Info
0000acba     2b2 (0000ac80)     ___TI_enable_exit_profile_output
0000acbc     2b2 (0000ac80)     ___TI_cleanup_ptr
0000acbe     2b2 (0000ac80)     ___TI_dtors_ptr

0000acc0     2b3 (0000acc0)     __lock
0000acc2     2b3 (0000acc0)     __unlock


GLOBAL SYMBOLS: SORTED ALPHABETICALLY BY Name 

page  address   name                            
----  -------   ----                            
abs   ffffffff  .text                           
0     00008c7e  C$$EXIT                         
0     000002c4  _Device_enableAllPeripherals    
0     00000287  _Device_init                    
0     00000392  _Device_initGPIO                
0     000000f5  _Flash_initModule               
0     00008c4d  _GPIO_setDirectionMode          
0     00008baa  _GPIO_setMasterCore             
0     00008a54  _GPIO_setPadConfig              
0     00008b6d  _GPIO_setPinConfig              
0     00008be2  _GPIO_setQualificationMode      
0     00008c1a  _Interrupt_enable               
0     00008a00  _Interrupt_initModule           
0     00008d58  _Interrupt_initVectorTable      
0     00008aa6  _SCI_clearInterruptStatus       
0     00008b2d  _SCI_setConfig                  
0     00008aec  _SCI_writeCharArray             
0     00000227  _SysCtl_delay                   
0     0000878d  _SysCtl_getClock                
0     00008dec  _SysCtl_getLowSpeedClock        
0     00008800  _SysCtl_isPLLValid              
0     000003a9  _SysCtl_selectOscSource         
0     00008ccc  _SysCtl_selectXTAL              
0     00008e06  _SysCtl_selectXTALSingleEnded   
0     000086da  _SysCtl_setClock                
1     00000500  __STACK_END                     
abs   00000100  __STACK_SIZE                    
1     0000acbc  ___TI_cleanup_ptr               
1     0000acbe  ___TI_dtors_ptr                 
1     0000acba  ___TI_enable_exit_profile_output
abs   ffffffff  ___TI_pprof_out_hndl            
abs   ffffffff  ___TI_prof_data_size            
abs   ffffffff  ___TI_prof_data_start           
abs   ffffffff  ___binit__                      
abs   ffffffff  ___c_args__                     
0     0000022b  ___cinit__                      
0     000003a2  ___error__                      
abs   ffffffff  ___etext__                      
abs   ffffffff  ___pinit__                      
abs   ffffffff  ___text__                       
0     00008e52  __args_main                     
1     0000acc0  __lock                          
0     00008faa  __nop                           
0     00008fa6  __register_lock                 
0     00008fa2  __register_unlock               
1     00000400  __stack                         
0     000003ff  __system_post_cinit             
0     00008fb2  __system_pre_init               
1     0000acc2  __unlock                        
0     00008c7e  _abort                          
0     000089aa  _c_int00                        
0     00008cf0  _copy_in                        
0     000088a7  _epwm1ISR                       
1     0000aca6  _epwm1Info                      
0     000088de  _epwm2ISR                       
1     0000ac9c  _epwm2Info                      
0     00008915  _epwm5ISR                       
1     0000acb0  _epwm5Info                      
0     00008c80  _exit                           
0     0000851c  _initEPWM1                      
0     000085a7  _initEPWM2                      
0     00008631  _initEPWM5                      
0     00008379  _main                           
0     00008db4  _memcpy                         
0     000086bd  _updateCompare                  
abs   ffffffff  binit                           
0     0000022b  cinit                           
0     00000000  code_start                      
abs   ffffffff  etext                           
abs   ffffffff  pinit                           


GLOBAL SYMBOLS: SORTED BY Symbol Address 

page  address   name                            
----  -------   ----                            
0     00000000  code_start                      
0     000000f5  _Flash_initModule               
0     00000227  _SysCtl_delay                   
0     0000022b  ___cinit__                      
0     0000022b  cinit                           
0     00000287  _Device_init                    
0     000002c4  _Device_enableAllPeripherals    
0     00000392  _Device_initGPIO                
0     000003a2  ___error__                      
0     000003a9  _SysCtl_selectOscSource         
0     000003ff  __system_post_cinit             
0     00008379  _main                           
0     0000851c  _initEPWM1                      
0     000085a7  _initEPWM2                      
0     00008631  _initEPWM5                      
0     000086bd  _updateCompare                  
0     000086da  _SysCtl_setClock                
0     0000878d  _SysCtl_getClock                
0     00008800  _SysCtl_isPLLValid              
0     000088a7  _epwm1ISR                       
0     000088de  _epwm2ISR                       
0     00008915  _epwm5ISR                       
0     000089aa  _c_int00                        
0     00008a00  _Interrupt_initModule           
0     00008a54  _GPIO_setPadConfig              
0     00008aa6  _SCI_clearInterruptStatus       
0     00008aec  _SCI_writeCharArray             
0     00008b2d  _SCI_setConfig                  
0     00008b6d  _GPIO_setPinConfig              
0     00008baa  _GPIO_setMasterCore             
0     00008be2  _GPIO_setQualificationMode      
0     00008c1a  _Interrupt_enable               
0     00008c4d  _GPIO_setDirectionMode          
0     00008c7e  C$$EXIT                         
0     00008c7e  _abort                          
0     00008c80  _exit                           
0     00008ccc  _SysCtl_selectXTAL              
0     00008cf0  _copy_in                        
0     00008d58  _Interrupt_initVectorTable      
0     00008db4  _memcpy                         
0     00008dec  _SysCtl_getLowSpeedClock        
0     00008e06  _SysCtl_selectXTALSingleEnded   
0     00008e52  __args_main                     
0     00008fa2  __register_unlock               
0     00008fa6  __register_lock                 
0     00008faa  __nop                           
0     00008fb2  __system_pre_init               
1     00000400  __stack                         
1     00000500  __STACK_END                     
1     0000ac9c  _epwm2Info                      
1     0000aca6  _epwm1Info                      
1     0000acb0  _epwm5Info                      
1     0000acba  ___TI_enable_exit_profile_output
1     0000acbc  ___TI_cleanup_ptr               
1     0000acbe  ___TI_dtors_ptr                 
1     0000acc0  __lock                          
1     0000acc2  __unlock                        
abs   00000100  __STACK_SIZE                    
abs   ffffffff  .text                           
abs   ffffffff  ___TI_pprof_out_hndl            
abs   ffffffff  ___TI_prof_data_size            
abs   ffffffff  ___TI_prof_data_start           
abs   ffffffff  ___binit__                      
abs   ffffffff  ___c_args__                     
abs   ffffffff  ___etext__                      
abs   ffffffff  ___pinit__                      
abs   ffffffff  ___text__                       
abs   ffffffff  binit                           
abs   ffffffff  etext                           
abs   ffffffff  pinit                           

[70 symbols]
