******************************************************************************
             TMS320C2000 Linker PC v18.1.3                     
******************************************************************************
>> Linked Wed Mar 13 20:03:19 2019

OUTPUT FILE NAME:   <pwm5a5b_on_launchpad.out>
ENTRY POINT SYMBOL: "code_start"  address: 00000000


MEMORY CONFIGURATION

         name            origin    length      used     unused   attr    fill
----------------------  --------  ---------  --------  --------  ----  --------
PAGE 0:
  BEGIN                 00000000   00000002  00000002  00000000  RWIX
  RAMM0                 000000f5   0000030b  0000030b  00000000  RWIX
  RAMLS0                00008000   00000800  000007ff  00000001  RWIX
  RAMLS1                00008800   00000800  000007ff  00000001  RWIX
  RAMLS2                00009000   00000800  000000cc  00000734  RWIX
  RAMLS3                00009800   00000800  00000000  00000800  RWIX
  RAMLS4                0000a000   00000800  00000000  00000800  RWIX
  RESET                 003fffc0   00000002  00000000  00000002  RWIX

PAGE 1:
  BOOT_RSVD             00000002   000000f3  00000000  000000f3  RWIX
  RAMM1                 00000400   00000400  00000100  00000300  RWIX
  RAMLS5                0000a800   00000800  0000055d  000002a3  RWIX
  RAMLS6                0000b000   00000800  00000000  00000800  RWIX
  RAMLS7                0000b800   00000800  00000000  00000800  RWIX
  RAMGS0                0000c000   00002000  00000000  00002000  RWIX
  RAMGS1                0000e000   00002000  00000000  00002000  RWIX
  RAMGS2                00010000   00002000  00000000  00002000  RWIX
  RAMGS3                00012000   00002000  00000000  00002000  RWIX


SECTION ALLOCATION MAP

 output                                  attributes/
section   page    origin      length       input sections
--------  ----  ----------  ----------   ----------------
codestart 
*          0    00000000    00000002     
                  00000000    00000002     f28004x_codestartbranch.obj (codestart)

.TI.ramfunc 
*          0    000000f5    00000136     
                  000000f5    00000044     driverlib.lib : flash.obj (.TI.ramfunc:_Flash_initModule)
                  00000139    00000032                   : flash.obj (.TI.ramfunc:_Flash_setBankPowerMode)
                  0000016b    00000026                   : flash.obj (.TI.ramfunc:_Flash_setWaitstates)
                  00000191    0000001f                   : flash.obj (.TI.ramfunc:_Flash_setPumpPowerMode)
                  000001b0    00000018                   : flash.obj (.TI.ramfunc:_Flash_disableCache)
                  000001c8    00000018                   : flash.obj (.TI.ramfunc:_Flash_disablePrefetch)
                  000001e0    00000018                   : flash.obj (.TI.ramfunc:_Flash_enableCache)
                  000001f8    00000018                   : flash.obj (.TI.ramfunc:_Flash_enablePrefetch)
                  00000210    00000017                   : flash.obj (.TI.ramfunc:_Flash_enableECC)
                  00000227    00000004                   : sysctl.obj (.TI.ramfunc)

.cinit     0    0000022b    0000001a     
                  0000022b    0000000e     rts2800_fpu32.lib : exit.c.obj (.cinit)
                  00000239    00000005                       : _lock.c.obj (.cinit:__lock)
                  0000023e    00000005                       : _lock.c.obj (.cinit:__unlock)
                  00000243    00000002     --HOLE-- [fill = 0]

.pinit     0    000000f5    00000000     UNINITIALIZED

.reset     0    003fffc0    00000002     DSECT
                  003fffc0    00000002     rts2800_fpu32.lib : boot28.asm.obj (.reset)

.stack     1    00000400    00000100     UNINITIALIZED
                  00000400    00000100     --HOLE--

.econst    1    0000a800    00000535     
                  0000a800    00000210     pwm5a5b_on_launchpad.obj (.econst:.string)
                  0000aa10    000000af     driverlib.lib : flash.obj (.econst:.string)
                  0000aabf    00000001     --HOLE-- [fill = 0]
                  0000aac0    000000ae                   : sysctl.obj (.econst:.string)
                  0000ab6e    000000ac                   : gpio.obj (.econst:.string)
                  0000ac1a    000000ab                   : sci.obj (.econst:.string)
                  0000acc5    00000001     --HOLE-- [fill = 0]
                  0000acc6    0000005b                   : interrupt.obj (.econst:.string)
                  0000ad21    00000001     --HOLE-- [fill = 0]
                  0000ad22    00000013     device.obj (.econst:.string)

.ebss      1    0000ad36    00000028     UNINITIALIZED
                  0000ad36    00000006     rts2800_fpu32.lib : exit.c.obj (.ebss)
                  0000ad3c    00000002                       : _lock.c.obj (.ebss:__lock)
                  0000ad3e    00000002                       : _lock.c.obj (.ebss:__unlock)
                  0000ad40    0000001e     pwm5a5b_on_launchpad.obj (.ebss)

.text.1    0    00000245    000001bb     
                  00000245    00000164     device.obj (.text)
                  000003a9    00000056     driverlib.lib : sysctl.obj (.text:_SysCtl_selectOscSource)
                  000003ff    00000001     rts2800_fpu32.lib : startup.c.obj (.text)

.text.2    0    00008000    000007ff     
                  00008000    000007f1     pwm5a5b_on_launchpad.obj (.text)
                  000087f1    0000000e     driverlib.lib : interrupt.obj (.text:_Interrupt_defaultHandler)

.text.3    0    00008800    000007ff     
                  00008800    000000b3     driverlib.lib : sysctl.obj (.text:_SysCtl_setClock)
                  000088b3    000000a7                   : sysctl.obj (.text:_SysCtl_isPLLValid)
                  0000895a    000000a5     pwm5a5b_on_launchpad.obj (.text:retain)
                  000089ff    0000006e     driverlib.lib : sysctl.obj (.text:_SysCtl_getClock)
                  00008a6d    0000005e                   : sysctl.obj (.text:_DCC_setCounterSeeds)
                  00008acb    00000056     rts2800_fpu32.lib : boot28.asm.obj (.text)
                  00008b21    00000054     driverlib.lib : interrupt.obj (.text:_Interrupt_initModule)
                  00008b75    00000052                   : gpio.obj (.text:_GPIO_setPadConfig)
                  00008bc7    00000046                   : sci.obj (.text:_SCI_clearInterruptStatus)
                  00008c0d    00000041                   : sci.obj (.text:_SCI_writeCharArray)
                  00008c4e    00000040                   : sci.obj (.text:_SCI_setConfig)
                  00008c8e    0000003d                   : gpio.obj (.text:_GPIO_setPinConfig)
                  00008ccb    00000038                   : gpio.obj (.text:_GPIO_setMasterCore)
                  00008d03    00000038                   : gpio.obj (.text:_GPIO_setQualificationMode)
                  00008d3b    00000033                   : interrupt.obj (.text:_Interrupt_enable)
                  00008d6e    00000031                   : gpio.obj (.text:_GPIO_setDirectionMode)
                  00008d9f    00000029     rts2800_fpu32.lib : exit.c.obj (.text)
                  00008dc8    00000025     driverlib.lib : sysctl.obj (.text:_DCC_enableSingleShotMode)
                  00008ded    00000024                   : sysctl.obj (.text:_SysCtl_selectXTAL)
                  00008e11    00000024     rts2800_fpu32.lib : cpy_tbl.c.obj (.text)
                  00008e35    00000022     driverlib.lib : sci.obj (.text:_SCI_isFIFOEnabled)
                  00008e57    00000022                   : sysctl.obj (.text:_SysCtl_pollX1Counter)
                  00008e79    00000020                   : interrupt.obj (.text:_Interrupt_initVectorTable)
                  00008e99    0000001f                   : sysctl.obj (.text:_DCC_setCounter1ClkSource)
                  00008eb8    0000001d                   : sysctl.obj (.text:_DCC_setCounter0ClkSource)
                  00008ed5    0000001d     rts2800_fpu32.lib : memcpy.c.obj (.text)
                  00008ef2    0000001b     driverlib.lib : sci.obj (.text:_SCI_isSpaceAvailableNonFIFO)
                  00008f0d    0000001a                   : sysctl.obj (.text:_SysCtl_getLowSpeedClock)
                  00008f27    0000001a                   : sysctl.obj (.text:_SysCtl_selectXTALSingleEnded)
                  00008f41    00000019                   : sci.obj (.text:_SCI_disableModule)
                  00008f5a    00000019                   : sci.obj (.text:_SCI_performSoftwareReset)
                  00008f73    00000019     rts2800_fpu32.lib : args_main.c.obj (.text)
                  00008f8c    00000017     driverlib.lib : sysctl.obj (.text:_DCC_enableDoneSignal)
                  00008fa3    00000017                   : sysctl.obj (.text:_SysCtl_enablePeripheral)
                  00008fba    00000016                   : sysctl.obj (.text:_DCC_disableErrorSignal)
                  00008fd0    00000016                   : sysctl.obj (.text:_DCC_enableErrorSignal)
                  00008fe6    00000015                   : sci.obj (.text:_SCI_getTxFIFOStatus)
                  00008ffb    00000002                   : interrupt.obj (.text:_Interrupt_illegalOperationHandler)
                  00008ffd    00000002                   : interrupt.obj (.text:_Interrupt_nmiHandler)

.text.4    0    00009000    000000cc     
                  00009000    00000015     driverlib.lib : sci.obj (.text:_SCI_isBaseValid)
                  00009015    00000014                   : sysctl.obj (.text:_DCC_disableModule)
                  00009029    00000014                   : sysctl.obj (.text:_DCC_enableModule)
                  0000903d    00000014                   : gpio.obj (.text:_GPIO_isPinValid)
                  00009051    00000014                   : sci.obj (.text:_SCI_enableModule)
                  00009065    00000010                   : sysctl.obj (.text:_DCC_isBaseValid)
                  00009075    00000010                   : flash.obj (.text:_Flash_isCtrlBaseValid)
                  00009085    00000010                   : flash.obj (.text:_Flash_isECCBaseValid)
                  00009095    0000000d                   : interrupt.obj (.text:_Interrupt_disableMaster)
                  000090a2    0000000d                   : interrupt.obj (.text:_Interrupt_enableMaster)
                  000090af    0000000b                   : sysctl.obj (.text:_SysCtl_isMCDClockFailureDetected)
                  000090ba    00000009     rts2800_fpu32.lib : _lock.c.obj (.text)
                  000090c3    00000007     driverlib.lib : sysctl.obj (.text:_SysCtl_resetMCD)
                  000090ca    00000002     rts2800_fpu32.lib : pre_init.c.obj (.text)

MODULE SUMMARY

       Module                        code   initialized data   uninitialized data
       ------                        ----   ----------------   ------------------
    .\
       pwm5a5b_on_launchpad.obj      2198   528                30                
    +--+-----------------------------+------+------------------+--------------------+
       Total:                        2198   528                30                
                                                                                 
    .\device\
       device.obj                    356    19                 0                 
       f28004x_codestartbranch.obj   2      0                  0                 
    +--+-----------------------------+------+------------------+--------------------+
       Total:                        358    19                 0                 
                                                                                 
    ../driverlib.lib
       sysctl.obj                    1023   174                0                 
       sci.obj                       372    171                0                 
       flash.obj                     338    175                0                 
       gpio.obj                      324    172                0                 
       interrupt.obj                 211    91                 0                 
    +--+-----------------------------+------+------------------+--------------------+
       Total:                        2268   783                0                 
                                                                                 
    C:\ti\ccsv8\tools\compiler\ti-cgt-c2000_18.1.3.LTS\lib\rts2800_fpu32.lib
       boot28.asm.obj                86     0                  0                 
       exit.c.obj                    41     14                 6                 
       cpy_tbl.c.obj                 36     0                  0                 
       memcpy.c.obj                  29     0                  0                 
       args_main.c.obj               25     0                  0                 
       _lock.c.obj                   9      10                 4                 
       pre_init.c.obj                2      0                  0                 
       startup.c.obj                 1      0                  0                 
    +--+-----------------------------+------+------------------+--------------------+
       Total:                        229    24                 10                
                                                                                 
       Stack:                        0      0                  256               
    +--+-----------------------------+------+------------------+--------------------+
       Grand Total:                  5053   1354               296               


GLOBAL DATA SYMBOLS: SORTED BY DATA PAGE

address     data page           name
--------    ----------------    ----
00000400      10 (00000400)     __stack

0000ad36     2b4 (0000ad00)     ___TI_enable_exit_profile_output
0000ad38     2b4 (0000ad00)     ___TI_cleanup_ptr
0000ad3a     2b4 (0000ad00)     ___TI_dtors_ptr
0000ad3c     2b4 (0000ad00)     __lock
0000ad3e     2b4 (0000ad00)     __unlock

0000ad40     2b5 (0000ad40)     _epwm2Info
0000ad4a     2b5 (0000ad40)     _epwm1Info
0000ad54     2b5 (0000ad40)     _epwm5Info


GLOBAL SYMBOLS: SORTED ALPHABETICALLY BY Name 

page  address   name                            
----  -------   ----                            
abs   ffffffff  .text                           
0     00008d9f  C$$EXIT                         
0     000002c4  _Device_enableAllPeripherals    
0     00000287  _Device_init                    
0     00000392  _Device_initGPIO                
0     000000f5  _Flash_initModule               
0     00008d6e  _GPIO_setDirectionMode          
0     00008ccb  _GPIO_setMasterCore             
0     00008b75  _GPIO_setPadConfig              
0     00008c8e  _GPIO_setPinConfig              
0     00008d03  _GPIO_setQualificationMode      
0     00008d3b  _Interrupt_enable               
0     00008b21  _Interrupt_initModule           
0     00008e79  _Interrupt_initVectorTable      
0     00008bc7  _SCI_clearInterruptStatus       
0     00008c4e  _SCI_setConfig                  
0     00008c0d  _SCI_writeCharArray             
0     00000227  _SysCtl_delay                   
0     000089ff  _SysCtl_getClock                
0     00008f0d  _SysCtl_getLowSpeedClock        
0     000088b3  _SysCtl_isPLLValid              
0     000003a9  _SysCtl_selectOscSource         
0     00008ded  _SysCtl_selectXTAL              
0     00008f27  _SysCtl_selectXTALSingleEnded   
0     00008800  _SysCtl_setClock                
1     00000500  __STACK_END                     
abs   00000100  __STACK_SIZE                    
1     0000ad38  ___TI_cleanup_ptr               
1     0000ad3a  ___TI_dtors_ptr                 
1     0000ad36  ___TI_enable_exit_profile_output
abs   ffffffff  ___TI_pprof_out_hndl            
abs   ffffffff  ___TI_prof_data_size            
abs   ffffffff  ___TI_prof_data_start           
abs   ffffffff  ___binit__                      
abs   ffffffff  ___c_args__                     
0     0000022b  ___cinit__                      
0     000003a2  ___error__                      
abs   ffffffff  ___etext__                      
abs   ffffffff  ___pinit__                      
abs   ffffffff  ___text__                       
0     00008f73  __args_main                     
1     0000ad3c  __lock                          
0     000090c2  __nop                           
0     000090be  __register_lock                 
0     000090ba  __register_unlock               
1     00000400  __stack                         
0     000003ff  __system_post_cinit             
0     000090ca  __system_pre_init               
1     0000ad3e  __unlock                        
0     00008d9f  _abort                          
0     00008acb  _c_int00                        
0     00008e11  _copy_in                        
0     0000895a  _epwm1ISR                       
1     0000ad4a  _epwm1Info                      
0     00008991  _epwm2ISR                       
1     0000ad40  _epwm2Info                      
0     000089c8  _epwm5ISR                       
1     0000ad54  _epwm5Info                      
0     00008da1  _exit                           
0     00008633  _initEPWM1                      
0     000086be  _initEPWM2                      
0     00008748  _initEPWM5                      
0     0000838a  _main                           
0     00008ed5  _memcpy                         
0     000087d4  _updateCompare                  
abs   ffffffff  binit                           
0     0000022b  cinit                           
0     00000000  code_start                      
abs   ffffffff  etext                           
abs   ffffffff  pinit                           


GLOBAL SYMBOLS: SORTED BY Symbol Address 

page  address   name                            
----  -------   ----                            
0     00000000  code_start                      
0     000000f5  _Flash_initModule               
0     00000227  _SysCtl_delay                   
0     0000022b  ___cinit__                      
0     0000022b  cinit                           
0     00000287  _Device_init                    
0     000002c4  _Device_enableAllPeripherals    
0     00000392  _Device_initGPIO                
0     000003a2  ___error__                      
0     000003a9  _SysCtl_selectOscSource         
0     000003ff  __system_post_cinit             
0     0000838a  _main                           
0     00008633  _initEPWM1                      
0     000086be  _initEPWM2                      
0     00008748  _initEPWM5                      
0     000087d4  _updateCompare                  
0     00008800  _SysCtl_setClock                
0     000088b3  _SysCtl_isPLLValid              
0     0000895a  _epwm1ISR                       
0     00008991  _epwm2ISR                       
0     000089c8  _epwm5ISR                       
0     000089ff  _SysCtl_getClock                
0     00008acb  _c_int00                        
0     00008b21  _Interrupt_initModule           
0     00008b75  _GPIO_setPadConfig              
0     00008bc7  _SCI_clearInterruptStatus       
0     00008c0d  _SCI_writeCharArray             
0     00008c4e  _SCI_setConfig                  
0     00008c8e  _GPIO_setPinConfig              
0     00008ccb  _GPIO_setMasterCore             
0     00008d03  _GPIO_setQualificationMode      
0     00008d3b  _Interrupt_enable               
0     00008d6e  _GPIO_setDirectionMode          
0     00008d9f  C$$EXIT                         
0     00008d9f  _abort                          
0     00008da1  _exit                           
0     00008ded  _SysCtl_selectXTAL              
0     00008e11  _copy_in                        
0     00008e79  _Interrupt_initVectorTable      
0     00008ed5  _memcpy                         
0     00008f0d  _SysCtl_getLowSpeedClock        
0     00008f27  _SysCtl_selectXTALSingleEnded   
0     00008f73  __args_main                     
0     000090ba  __register_unlock               
0     000090be  __register_lock                 
0     000090c2  __nop                           
0     000090ca  __system_pre_init               
1     00000400  __stack                         
1     00000500  __STACK_END                     
1     0000ad36  ___TI_enable_exit_profile_output
1     0000ad38  ___TI_cleanup_ptr               
1     0000ad3a  ___TI_dtors_ptr                 
1     0000ad3c  __lock                          
1     0000ad3e  __unlock                        
1     0000ad40  _epwm2Info                      
1     0000ad4a  _epwm1Info                      
1     0000ad54  _epwm5Info                      
abs   00000100  __STACK_SIZE                    
abs   ffffffff  .text                           
abs   ffffffff  ___TI_pprof_out_hndl            
abs   ffffffff  ___TI_prof_data_size            
abs   ffffffff  ___TI_prof_data_start           
abs   ffffffff  ___binit__                      
abs   ffffffff  ___c_args__                     
abs   ffffffff  ___etext__                      
abs   ffffffff  ___pinit__                      
abs   ffffffff  ___text__                       
abs   ffffffff  binit                           
abs   ffffffff  etext                           
abs   ffffffff  pinit                           

[70 symbols]
